Archive member included because of file (symbol)

d:/ecl/sdk/imt_sdk_win_64/imt_sdk_win_64/winavr/bin/../lib/gcc/avr/4.3.3/avr5\libgcc.a(_udivmodhi4.o)
                              ./SERVICE/RTOS/RTOS_Program.o (__udivmodhi4)
d:/ecl/sdk/imt_sdk_win_64/imt_sdk_win_64/winavr/bin/../lib/gcc/avr/4.3.3/avr5\libgcc.a(_exit.o)
                              d:/ecl/sdk/imt_sdk_win_64/imt_sdk_win_64/winavr/bin/../lib/gcc/avr/4.3.3/../../../../avr/lib/avr5/crtm32.o (exit)
d:/ecl/sdk/imt_sdk_win_64/imt_sdk_win_64/winavr/bin/../lib/gcc/avr/4.3.3/avr5\libgcc.a(_clear_bss.o)
                              ./SERVICE/RTOS/RTOS_Program.o (__do_clear_bss)

Memory Configuration

Name             Origin             Length             Attributes
text             0x00000000         0x00020000         xr
data             0x00800060         0x0000ffa0         rw !x
eeprom           0x00810000         0x00010000         rw !x
fuse             0x00820000         0x00000400         rw !x
lock             0x00830000         0x00000400         rw !x
signature        0x00840000         0x00000400         rw !x
*default*        0x00000000         0xffffffff

Linker script and memory map

LOAD d:/ecl/sdk/imt_sdk_win_64/imt_sdk_win_64/winavr/bin/../lib/gcc/avr/4.3.3/../../../../avr/lib/avr5/crtm32.o
LOAD ./SERVICE/RTOS/RTOS_Program.o
LOAD ./MCAL/TIMER/TIMER_Program.o
LOAD ./MCAL/GIE/GIE_Program.o
LOAD ./MCAL/EXTI/EXTI_Program.o
LOAD ./MCAL/DIO/DIO_Program.o
LOAD ./MCAL/ADC/ADC_Program.o
LOAD ./APP/main.o
LOAD d:/ecl/sdk/imt_sdk_win_64/imt_sdk_win_64/winavr/bin/../lib/gcc/avr/4.3.3/avr5\libgcc.a
LOAD d:/ecl/sdk/imt_sdk_win_64/imt_sdk_win_64/winavr/bin/../lib/gcc/avr/4.3.3/../../../../avr/lib/avr5\libc.a
LOAD d:/ecl/sdk/imt_sdk_win_64/imt_sdk_win_64/winavr/bin/../lib/gcc/avr/4.3.3/avr5\libgcc.a

.hash
 *(.hash)

.dynsym
 *(.dynsym)

.dynstr
 *(.dynstr)

.gnu.version
 *(.gnu.version)

.gnu.version_d
 *(.gnu.version_d)

.gnu.version_r
 *(.gnu.version_r)

.rel.init
 *(.rel.init)

.rela.init
 *(.rela.init)

.rel.text
 *(.rel.text)
 *(.rel.text.*)
 *(.rel.gnu.linkonce.t*)

.rela.text
 *(.rela.text)
 *(.rela.text.*)
 *(.rela.gnu.linkonce.t*)

.rel.fini
 *(.rel.fini)

.rela.fini
 *(.rela.fini)

.rel.rodata
 *(.rel.rodata)
 *(.rel.rodata.*)
 *(.rel.gnu.linkonce.r*)

.rela.rodata
 *(.rela.rodata)
 *(.rela.rodata.*)
 *(.rela.gnu.linkonce.r*)

.rel.data
 *(.rel.data)
 *(.rel.data.*)
 *(.rel.gnu.linkonce.d*)

.rela.data
 *(.rela.data)
 *(.rela.data.*)
 *(.rela.gnu.linkonce.d*)

.rel.ctors
 *(.rel.ctors)

.rela.ctors
 *(.rela.ctors)

.rel.dtors
 *(.rel.dtors)

.rela.dtors
 *(.rela.dtors)

.rel.got
 *(.rel.got)

.rela.got
 *(.rela.got)

.rel.bss
 *(.rel.bss)

.rela.bss
 *(.rela.bss)

.rel.plt
 *(.rel.plt)

.rela.plt
 *(.rela.plt)

.text           0x00000000     0x12ea
 *(.vectors)
 .vectors       0x00000000       0x54 d:/ecl/sdk/imt_sdk_win_64/imt_sdk_win_64/winavr/bin/../lib/gcc/avr/4.3.3/../../../../avr/lib/avr5/crtm32.o
                0x00000000                __vectors
                0x00000000                __vector_default
 *(.vectors)
 *(.progmem.gcc*)
 *(.progmem*)
                0x00000054                . = ALIGN (0x2)
                0x00000054                __trampolines_start = .
 *(.trampolines)
 .trampolines   0x00000054        0x0 linker stubs
 *(.trampolines*)
                0x00000054                __trampolines_end = .
 *(.jumptables)
 *(.jumptables*)
 *(.lowtext)
 *(.lowtext*)
                0x00000054                __ctors_start = .
 *(.ctors)
                0x00000054                __ctors_end = .
                0x00000054                __dtors_start = .
 *(.dtors)
                0x00000054                __dtors_end = .
 SORT(*)(.ctors)
 SORT(*)(.dtors)
 *(.init0)
 .init0         0x00000054        0x0 d:/ecl/sdk/imt_sdk_win_64/imt_sdk_win_64/winavr/bin/../lib/gcc/avr/4.3.3/../../../../avr/lib/avr5/crtm32.o
                0x00000054                __init
 *(.init0)
 *(.init1)
 *(.init1)
 *(.init2)
 .init2         0x00000054        0xc d:/ecl/sdk/imt_sdk_win_64/imt_sdk_win_64/winavr/bin/../lib/gcc/avr/4.3.3/../../../../avr/lib/avr5/crtm32.o
 *(.init2)
 *(.init3)
 *(.init3)
 *(.init4)
 .init4         0x00000060       0x10 d:/ecl/sdk/imt_sdk_win_64/imt_sdk_win_64/winavr/bin/../lib/gcc/avr/4.3.3/avr5\libgcc.a(_clear_bss.o)
                0x00000060                __do_clear_bss
 *(.init4)
 *(.init5)
 *(.init5)
 *(.init6)
 *(.init6)
 *(.init7)
 *(.init7)
 *(.init8)
 *(.init8)
 *(.init9)
 .init9         0x00000070        0x8 d:/ecl/sdk/imt_sdk_win_64/imt_sdk_win_64/winavr/bin/../lib/gcc/avr/4.3.3/../../../../avr/lib/avr5/crtm32.o
 *(.init9)
 *(.text)
 .text          0x00000078        0x4 d:/ecl/sdk/imt_sdk_win_64/imt_sdk_win_64/winavr/bin/../lib/gcc/avr/4.3.3/../../../../avr/lib/avr5/crtm32.o
                0x00000078                __vector_12
                0x00000078                __bad_interrupt
                0x00000078                __vector_6
                0x00000078                __vector_11
                0x00000078                __vector_13
                0x00000078                __vector_17
                0x00000078                __vector_19
                0x00000078                __vector_7
                0x00000078                __vector_5
                0x00000078                __vector_4
                0x00000078                __vector_9
                0x00000078                __vector_15
                0x00000078                __vector_8
                0x00000078                __vector_14
                0x00000078                __vector_16
                0x00000078                __vector_18
                0x00000078                __vector_20
 .text          0x0000007c        0x0 ./SERVICE/RTOS/RTOS_Program.o
 .text          0x0000007c        0x0 ./MCAL/TIMER/TIMER_Program.o
 .text          0x0000007c        0x0 ./MCAL/GIE/GIE_Program.o
 .text          0x0000007c        0x0 ./MCAL/EXTI/EXTI_Program.o
 .text          0x0000007c        0x0 ./MCAL/DIO/DIO_Program.o
 .text          0x0000007c        0x0 ./MCAL/ADC/ADC_Program.o
 .text          0x0000007c        0x0 ./APP/main.o
 .text          0x0000007c        0x0 d:/ecl/sdk/imt_sdk_win_64/imt_sdk_win_64/winavr/bin/../lib/gcc/avr/4.3.3/avr5\libgcc.a(_udivmodhi4.o)
 .text          0x0000007c        0x0 d:/ecl/sdk/imt_sdk_win_64/imt_sdk_win_64/winavr/bin/../lib/gcc/avr/4.3.3/avr5\libgcc.a(_exit.o)
 .text          0x0000007c        0x0 d:/ecl/sdk/imt_sdk_win_64/imt_sdk_win_64/winavr/bin/../lib/gcc/avr/4.3.3/avr5\libgcc.a(_clear_bss.o)
                0x0000007c                . = ALIGN (0x2)
 *(.text.*)
 .text.RTOS_voidStart
                0x0000007c       0x1e ./SERVICE/RTOS/RTOS_Program.o
                0x0000007c                RTOS_voidStart
 .text.RTOS_voidCreateTask
                0x0000009a       0xae ./SERVICE/RTOS/RTOS_Program.o
                0x0000009a                RTOS_voidCreateTask
 .text.RTOS_voidScheduler
                0x00000148      0x1aa ./SERVICE/RTOS/RTOS_Program.o
                0x00000148                RTOS_voidScheduler
 .text.RTOS_voidSuspendTask
                0x000002f2       0x5c ./SERVICE/RTOS/RTOS_Program.o
                0x000002f2                RTOS_voidSuspendTask
 .text.RTOS_voidResumeTask
                0x0000034e       0x5e ./SERVICE/RTOS/RTOS_Program.o
                0x0000034e                RTOS_voidResumeTask
 .text.RTOS_voidDeleteTask
                0x000003ac       0x7c ./SERVICE/RTOS/RTOS_Program.o
                0x000003ac                RTOS_voidDeleteTask
 .text.Timers_void_Timer0Init
                0x00000428       0x6a ./MCAL/TIMER/TIMER_Program.o
                0x00000428                Timers_void_Timer0Init
 .text.Timers_voidSetCallBack_T0_CompareMatch
                0x00000492       0x24 ./MCAL/TIMER/TIMER_Program.o
                0x00000492                Timers_voidSetCallBack_T0_CompareMatch
 .text.__vector_10
                0x000004b6       0x66 ./MCAL/TIMER/TIMER_Program.o
                0x000004b6                __vector_10
 .text.GIE_voidEnableInterruptGlobal
                0x0000051c       0x1c ./MCAL/GIE/GIE_Program.o
                0x0000051c                GIE_voidEnableInterruptGlobal
 .text.GIE_voidDisableInterruptGlobal
                0x00000538       0x1c ./MCAL/GIE/GIE_Program.o
                0x00000538                GIE_voidDisableInterruptGlobal
 .text.EXTI_INIT
                0x00000554       0x42 ./MCAL/EXTI/EXTI_Program.o
                0x00000554                EXTI_INIT
 .text.EXTI_voidEnableInterrupt
                0x00000596      0x228 ./MCAL/EXTI/EXTI_Program.o
                0x00000596                EXTI_voidEnableInterrupt
 .text.EXTI_voidDisableInterrupt
                0x000007be       0x6e ./MCAL/EXTI/EXTI_Program.o
                0x000007be                EXTI_voidDisableInterrupt
 .text.EXTI_voidSetCALLBack
                0x0000082c       0x24 ./MCAL/EXTI/EXTI_Program.o
                0x0000082c                EXTI_voidSetCALLBack
 .text.__vector_1
                0x00000850       0x66 ./MCAL/EXTI/EXTI_Program.o
                0x00000850                __vector_1
 .text.__vector_2
                0x000008b6       0x66 ./MCAL/EXTI/EXTI_Program.o
                0x000008b6                __vector_2
 .text.__vector_3
                0x0000091c       0x66 ./MCAL/EXTI/EXTI_Program.o
                0x0000091c                __vector_3
 .text.DIO_voidSetPinValue
                0x00000982      0x220 ./MCAL/DIO/DIO_Program.o
                0x00000982                DIO_voidSetPinValue
 .text.DIO_voidSetPinDirection
                0x00000ba2      0x220 ./MCAL/DIO/DIO_Program.o
                0x00000ba2                DIO_voidSetPinDirection
 .text.DIO_u8GetPinValue
                0x00000dc2       0xf0 ./MCAL/DIO/DIO_Program.o
                0x00000dc2                DIO_u8GetPinValue
 .text.DIO_voidSetPortValue
                0x00000eb2       0x82 ./MCAL/DIO/DIO_Program.o
                0x00000eb2                DIO_voidSetPortValue
 .text.DIO_voidSetPortDirection
                0x00000f34       0x82 ./MCAL/DIO/DIO_Program.o
                0x00000f34                DIO_voidSetPortDirection
 .text.DIO_u8GetPortValue
                0x00000fb6       0x82 ./MCAL/DIO/DIO_Program.o
                0x00000fb6                DIO_u8GetPortValue
 .text.ADC_voidInit
                0x00001038       0x7a ./MCAL/ADC/ADC_Program.o
                0x00001038                ADC_voidInit
 .text.ADC_u16GetRead
                0x000010b2       0x5a ./MCAL/ADC/ADC_Program.o
                0x000010b2                ADC_u16GetRead
 .text.ADC_StartConversion
                0x0000110c       0x14 ./MCAL/ADC/ADC_Program.o
                0x0000110c                ADC_StartConversion
 .text.ADC_SetCallBackFunction
                0x00001120       0x18 ./MCAL/ADC/ADC_Program.o
                0x00001120                ADC_SetCallBackFunction
 .text.main     0x00001138       0x8e ./APP/main.o
                0x00001138                main
 .text.Func1    0x000011c6       0x3e ./APP/main.o
                0x000011c6                Func1
 .text.Func2    0x00001204       0x3e ./APP/main.o
                0x00001204                Func2
 .text.Func3    0x00001242       0x3e ./APP/main.o
                0x00001242                Func3
 .text.Func4_Delete
                0x00001280       0x3e ./APP/main.o
                0x00001280                Func4_Delete
 .text.libgcc   0x000012be       0x28 d:/ecl/sdk/imt_sdk_win_64/imt_sdk_win_64/winavr/bin/../lib/gcc/avr/4.3.3/avr5\libgcc.a(_udivmodhi4.o)
                0x000012be                __udivmodhi4
 .text.libgcc   0x000012e6        0x0 d:/ecl/sdk/imt_sdk_win_64/imt_sdk_win_64/winavr/bin/../lib/gcc/avr/4.3.3/avr5\libgcc.a(_exit.o)
 .text.libgcc   0x000012e6        0x0 d:/ecl/sdk/imt_sdk_win_64/imt_sdk_win_64/winavr/bin/../lib/gcc/avr/4.3.3/avr5\libgcc.a(_clear_bss.o)
                0x000012e6                . = ALIGN (0x2)
 *(.fini9)
 .fini9         0x000012e6        0x0 d:/ecl/sdk/imt_sdk_win_64/imt_sdk_win_64/winavr/bin/../lib/gcc/avr/4.3.3/avr5\libgcc.a(_exit.o)
                0x000012e6                exit
                0x000012e6                _exit
 *(.fini9)
 *(.fini8)
 *(.fini8)
 *(.fini7)
 *(.fini7)
 *(.fini6)
 *(.fini6)
 *(.fini5)
 *(.fini5)
 *(.fini4)
 *(.fini4)
 *(.fini3)
 *(.fini3)
 *(.fini2)
 *(.fini2)
 *(.fini1)
 *(.fini1)
 *(.fini0)
 .fini0         0x000012e6        0x4 d:/ecl/sdk/imt_sdk_win_64/imt_sdk_win_64/winavr/bin/../lib/gcc/avr/4.3.3/avr5\libgcc.a(_exit.o)
 *(.fini0)
                0x000012ea                _etext = .

.data           0x00800060        0x0 load address 0x000012ea
                0x00800060                PROVIDE (__data_start, .)
 *(.data)
 .data          0x00800060        0x0 d:/ecl/sdk/imt_sdk_win_64/imt_sdk_win_64/winavr/bin/../lib/gcc/avr/4.3.3/../../../../avr/lib/avr5/crtm32.o
 .data          0x00800060        0x0 ./SERVICE/RTOS/RTOS_Program.o
 .data          0x00800060        0x0 ./MCAL/TIMER/TIMER_Program.o
 .data          0x00800060        0x0 ./MCAL/GIE/GIE_Program.o
 .data          0x00800060        0x0 ./MCAL/EXTI/EXTI_Program.o
 .data          0x00800060        0x0 ./MCAL/DIO/DIO_Program.o
 .data          0x00800060        0x0 ./MCAL/ADC/ADC_Program.o
 .data          0x00800060        0x0 ./APP/main.o
 .data          0x00800060        0x0 d:/ecl/sdk/imt_sdk_win_64/imt_sdk_win_64/winavr/bin/../lib/gcc/avr/4.3.3/avr5\libgcc.a(_udivmodhi4.o)
 .data          0x00800060        0x0 d:/ecl/sdk/imt_sdk_win_64/imt_sdk_win_64/winavr/bin/../lib/gcc/avr/4.3.3/avr5\libgcc.a(_exit.o)
 .data          0x00800060        0x0 d:/ecl/sdk/imt_sdk_win_64/imt_sdk_win_64/winavr/bin/../lib/gcc/avr/4.3.3/avr5\libgcc.a(_clear_bss.o)
 *(.data*)
 *(.rodata)
 *(.rodata*)
 *(.gnu.linkonce.d*)
                0x00800060                . = ALIGN (0x2)
                0x00800060                _edata = .
                0x00800060                PROVIDE (__data_end, .)

.bss            0x00800060       0x28
                0x00800060                PROVIDE (__bss_start, .)
 *(.bss)
 .bss           0x00800060        0x0 d:/ecl/sdk/imt_sdk_win_64/imt_sdk_win_64/winavr/bin/../lib/gcc/avr/4.3.3/../../../../avr/lib/avr5/crtm32.o
 .bss           0x00800060        0x0 ./SERVICE/RTOS/RTOS_Program.o
 .bss           0x00800060        0x0 ./MCAL/TIMER/TIMER_Program.o
 .bss           0x00800060        0x0 ./MCAL/GIE/GIE_Program.o
 .bss           0x00800060        0x0 ./MCAL/EXTI/EXTI_Program.o
 .bss           0x00800060        0x0 ./MCAL/DIO/DIO_Program.o
 .bss           0x00800060        0x0 ./MCAL/ADC/ADC_Program.o
 .bss           0x00800060        0x0 ./APP/main.o
 .bss           0x00800060        0x0 d:/ecl/sdk/imt_sdk_win_64/imt_sdk_win_64/winavr/bin/../lib/gcc/avr/4.3.3/avr5\libgcc.a(_udivmodhi4.o)
 .bss           0x00800060        0x0 d:/ecl/sdk/imt_sdk_win_64/imt_sdk_win_64/winavr/bin/../lib/gcc/avr/4.3.3/avr5\libgcc.a(_exit.o)
 .bss           0x00800060        0x0 d:/ecl/sdk/imt_sdk_win_64/imt_sdk_win_64/winavr/bin/../lib/gcc/avr/4.3.3/avr5\libgcc.a(_clear_bss.o)
 *(.bss*)
 .bss.RTOS_ArrTasks
                0x00800060       0x18 ./SERVICE/RTOS/RTOS_Program.o
                0x00800060                RTOS_ArrTasks
 .bss.Empty     0x00800078        0x6 ./SERVICE/RTOS/RTOS_Program.o
                0x00800078                Empty
 .bss.Local_u16TickCounter.1242
                0x0080007e        0x2 ./SERVICE/RTOS/RTOS_Program.o
 .bss.pNotificationT0CompareMatch
                0x00800080        0x2 ./MCAL/TIMER/TIMER_Program.o
                0x00800080                pNotificationT0CompareMatch
 .bss.GPF       0x00800082        0x2 ./MCAL/EXTI/EXTI_Program.o
                0x00800082                GPF
 .bss.Local_u8PinVal.1240
                0x00800084        0x1 ./APP/main.o
 .bss.Local_u8PinVal.1250
                0x00800085        0x1 ./APP/main.o
 .bss.Local_u8PinVal.1260
                0x00800086        0x1 ./APP/main.o
 .bss.Local_u8PinVal.1270
                0x00800087        0x1 ./APP/main.o
 *(COMMON)
                0x00800088                PROVIDE (__bss_end, .)
                0x000012ea                __data_load_start = LOADADDR (.data)
                0x000012ea                __data_load_end = (__data_load_start + SIZEOF (.data))

.noinit         0x00800088        0x0
                0x00800088                PROVIDE (__noinit_start, .)
 *(.noinit*)
                0x00800088                PROVIDE (__noinit_end, .)
                0x00800088                _end = .
                0x00800088                PROVIDE (__heap_start, .)

.eeprom         0x00810000        0x0
 *(.eeprom*)
                0x00810000                __eeprom_end = .

.fuse
 *(.fuse)
 *(.lfuse)
 *(.hfuse)
 *(.efuse)

.lock
 *(.lock*)

.signature
 *(.signature*)

.stab           0x00000000     0x19bc
 *(.stab)
 .stab          0x00000000      0x504 ./SERVICE/RTOS/RTOS_Program.o
 .stab          0x00000504      0x24c ./MCAL/TIMER/TIMER_Program.o
                                0x258 (size before relaxing)
 .stab          0x00000750      0x1b0 ./MCAL/GIE/GIE_Program.o
                                0x1bc (size before relaxing)
 .stab          0x00000900      0x480 ./MCAL/EXTI/EXTI_Program.o
                                0x48c (size before relaxing)
 .stab          0x00000d80      0x534 ./MCAL/DIO/DIO_Program.o
                                0x540 (size before relaxing)
 .stab          0x000012b4      0x2ac ./MCAL/ADC/ADC_Program.o
                                0x2b8 (size before relaxing)
 .stab          0x00001560      0x45c ./APP/main.o
                                0x468 (size before relaxing)

.stabstr        0x00000000      0xb87
 *(.stabstr)
 .stabstr       0x00000000      0xb87 ./SERVICE/RTOS/RTOS_Program.o

.stab.excl
 *(.stab.excl)

.stab.exclstr
 *(.stab.exclstr)

.stab.index
 *(.stab.index)

.stab.indexstr
 *(.stab.indexstr)

.comment
 *(.comment)

.debug
 *(.debug)

.line
 *(.line)

.debug_srcinfo
 *(.debug_srcinfo)

.debug_sfnames
 *(.debug_sfnames)

.debug_aranges
 *(.debug_aranges)

.debug_pubnames
 *(.debug_pubnames)

.debug_info
 *(.debug_info)
 *(.gnu.linkonce.wi.*)

.debug_abbrev
 *(.debug_abbrev)

.debug_line
 *(.debug_line)

.debug_frame
 *(.debug_frame)

.debug_str
 *(.debug_str)

.debug_loc
 *(.debug_loc)

.debug_macinfo
 *(.debug_macinfo)
OUTPUT(RTOS_Scheduler.elf elf32-avr)
LOAD linker stubs
