Archive member included because of file (symbol)

d:/ecl/sdk/imt_sdk_win_64/imt_sdk_win_64/winavr/bin/../lib/gcc/avr/4.3.3/avr5\libgcc.a(_mulsi3.o)
                              ./HAL/SERVO/SOURCE/SERVO.o (__mulsi3)
d:/ecl/sdk/imt_sdk_win_64/imt_sdk_win_64/winavr/bin/../lib/gcc/avr/4.3.3/avr5\libgcc.a(_udivmodhi4.o)
                              ./SERVICE/FreeRTOS/Source/queue.o (__udivmodhi4)
d:/ecl/sdk/imt_sdk_win_64/imt_sdk_win_64/winavr/bin/../lib/gcc/avr/4.3.3/avr5\libgcc.a(_udivmodsi4.o)
                              ./HAL/SERVO/SOURCE/SERVO.o (__udivmodsi4)
d:/ecl/sdk/imt_sdk_win_64/imt_sdk_win_64/winavr/bin/../lib/gcc/avr/4.3.3/avr5\libgcc.a(_exit.o)
                              d:/ecl/sdk/imt_sdk_win_64/imt_sdk_win_64/winavr/bin/../lib/gcc/avr/4.3.3/../../../../avr/lib/avr5/crtm32.o (exit)
d:/ecl/sdk/imt_sdk_win_64/imt_sdk_win_64/winavr/bin/../lib/gcc/avr/4.3.3/avr5\libgcc.a(_copy_data.o)
                              ./SERVICE/FreeRTOS/Source/tasks.o (__do_copy_data)
d:/ecl/sdk/imt_sdk_win_64/imt_sdk_win_64/winavr/bin/../lib/gcc/avr/4.3.3/avr5\libgcc.a(_clear_bss.o)
                              ./SERVICE/FreeRTOS/Source/portable/MemMang/heap_1.o (__do_clear_bss)
d:/ecl/sdk/imt_sdk_win_64/imt_sdk_win_64/winavr/bin/../lib/gcc/avr/4.3.3/avr5\libgcc.a(_fixunssfsi.o)
                              ./HAL/Ultrasonic/SOURCE/ultrasonic.o (__fixunssfsi)
d:/ecl/sdk/imt_sdk_win_64/imt_sdk_win_64/winavr/bin/../lib/gcc/avr/4.3.3/avr5\libgcc.a(_addsub_sf.o)
                              d:/ecl/sdk/imt_sdk_win_64/imt_sdk_win_64/winavr/bin/../lib/gcc/avr/4.3.3/avr5\libgcc.a(_fixunssfsi.o) (__subsf3)
d:/ecl/sdk/imt_sdk_win_64/imt_sdk_win_64/winavr/bin/../lib/gcc/avr/4.3.3/avr5\libgcc.a(_mul_sf.o)
                              ./HAL/Ultrasonic/SOURCE/ultrasonic.o (__mulsf3)
d:/ecl/sdk/imt_sdk_win_64/imt_sdk_win_64/winavr/bin/../lib/gcc/avr/4.3.3/avr5\libgcc.a(_div_sf.o)
                              ./HAL/Ultrasonic/SOURCE/ultrasonic.o (__divsf3)
d:/ecl/sdk/imt_sdk_win_64/imt_sdk_win_64/winavr/bin/../lib/gcc/avr/4.3.3/avr5\libgcc.a(_gt_sf.o)
                              ./HAL/Ultrasonic/SOURCE/ultrasonic.o (__gtsf2)
d:/ecl/sdk/imt_sdk_win_64/imt_sdk_win_64/winavr/bin/../lib/gcc/avr/4.3.3/avr5\libgcc.a(_ge_sf.o)
                              d:/ecl/sdk/imt_sdk_win_64/imt_sdk_win_64/winavr/bin/../lib/gcc/avr/4.3.3/avr5\libgcc.a(_fixunssfsi.o) (__gesf2)
d:/ecl/sdk/imt_sdk_win_64/imt_sdk_win_64/winavr/bin/../lib/gcc/avr/4.3.3/avr5\libgcc.a(_lt_sf.o)
                              ./HAL/Ultrasonic/SOURCE/ultrasonic.o (__ltsf2)
d:/ecl/sdk/imt_sdk_win_64/imt_sdk_win_64/winavr/bin/../lib/gcc/avr/4.3.3/avr5\libgcc.a(_sf_to_si.o)
                              d:/ecl/sdk/imt_sdk_win_64/imt_sdk_win_64/winavr/bin/../lib/gcc/avr/4.3.3/avr5\libgcc.a(_fixunssfsi.o) (__fixsfsi)
d:/ecl/sdk/imt_sdk_win_64/imt_sdk_win_64/winavr/bin/../lib/gcc/avr/4.3.3/avr5\libgcc.a(_thenan_sf.o)
                              d:/ecl/sdk/imt_sdk_win_64/imt_sdk_win_64/winavr/bin/../lib/gcc/avr/4.3.3/avr5\libgcc.a(_addsub_sf.o) (__thenan_sf)
d:/ecl/sdk/imt_sdk_win_64/imt_sdk_win_64/winavr/bin/../lib/gcc/avr/4.3.3/avr5\libgcc.a(_prologue.o)
                              d:/ecl/sdk/imt_sdk_win_64/imt_sdk_win_64/winavr/bin/../lib/gcc/avr/4.3.3/avr5\libgcc.a(_addsub_sf.o) (__prologue_saves__)
d:/ecl/sdk/imt_sdk_win_64/imt_sdk_win_64/winavr/bin/../lib/gcc/avr/4.3.3/avr5\libgcc.a(_epilogue.o)
                              d:/ecl/sdk/imt_sdk_win_64/imt_sdk_win_64/winavr/bin/../lib/gcc/avr/4.3.3/avr5\libgcc.a(_addsub_sf.o) (__epilogue_restores__)
d:/ecl/sdk/imt_sdk_win_64/imt_sdk_win_64/winavr/bin/../lib/gcc/avr/4.3.3/avr5\libgcc.a(_pack_sf.o)
                              d:/ecl/sdk/imt_sdk_win_64/imt_sdk_win_64/winavr/bin/../lib/gcc/avr/4.3.3/avr5\libgcc.a(_addsub_sf.o) (__pack_f)
d:/ecl/sdk/imt_sdk_win_64/imt_sdk_win_64/winavr/bin/../lib/gcc/avr/4.3.3/avr5\libgcc.a(_unpack_sf.o)
                              d:/ecl/sdk/imt_sdk_win_64/imt_sdk_win_64/winavr/bin/../lib/gcc/avr/4.3.3/avr5\libgcc.a(_addsub_sf.o) (__unpack_f)
d:/ecl/sdk/imt_sdk_win_64/imt_sdk_win_64/winavr/bin/../lib/gcc/avr/4.3.3/avr5\libgcc.a(_fpcmp_parts_sf.o)
                              d:/ecl/sdk/imt_sdk_win_64/imt_sdk_win_64/winavr/bin/../lib/gcc/avr/4.3.3/avr5\libgcc.a(_gt_sf.o) (__fpcmp_parts_f)
d:/ecl/sdk/imt_sdk_win_64/imt_sdk_win_64/winavr/bin/../lib/gcc/avr/4.3.3/../../../../avr/lib/avr5\libc.a(memcpy.o)
                              ./SERVICE/FreeRTOS/Source/queue.o (memcpy)
d:/ecl/sdk/imt_sdk_win_64/imt_sdk_win_64/winavr/bin/../lib/gcc/avr/4.3.3/../../../../avr/lib/avr5\libc.a(memset.o)
                              ./SERVICE/FreeRTOS/Source/stream_buffer.o (memset)
d:/ecl/sdk/imt_sdk_win_64/imt_sdk_win_64/winavr/bin/../lib/gcc/avr/4.3.3/../../../../avr/lib/avr5\libc.a(itoa.o)
                              ./HAL/LCD/SOURCE/lcd.o (itoa)
d:/ecl/sdk/imt_sdk_win_64/imt_sdk_win_64/winavr/bin/../lib/gcc/avr/4.3.3/../../../../avr/lib/avr5\libc.a(strrev.o)
                              d:/ecl/sdk/imt_sdk_win_64/imt_sdk_win_64/winavr/bin/../lib/gcc/avr/4.3.3/../../../../avr/lib/avr5\libc.a(itoa.o) (strrev)

Memory Configuration

Name             Origin             Length             Attributes
text             0x00000000         0x00020000         xr
data             0x00800060         0x0000ffa0         rw !x
eeprom           0x00810000         0x00010000         rw !x
fuse             0x00820000         0x00000400         rw !x
lock             0x00830000         0x00000400         rw !x
signature        0x00840000         0x00000400         rw !x
*default*        0x00000000         0xffffffff

Linker script and memory map

LOAD d:/ecl/sdk/imt_sdk_win_64/imt_sdk_win_64/winavr/bin/../lib/gcc/avr/4.3.3/../../../../avr/lib/avr5/crtm32.o
LOAD ./SERVICE/FreeRTOS/Source/portable/MemMang/heap_1.o
LOAD ./SERVICE/FreeRTOS/Source/portable/GCC/ATMega323/port.o
LOAD ./SERVICE/FreeRTOS/Source/croutine.o
LOAD ./SERVICE/FreeRTOS/Source/event_groups.o
LOAD ./SERVICE/FreeRTOS/Source/list.o
LOAD ./SERVICE/FreeRTOS/Source/queue.o
LOAD ./SERVICE/FreeRTOS/Source/stream_buffer.o
LOAD ./SERVICE/FreeRTOS/Source/tasks.o
LOAD ./SERVICE/FreeRTOS/Source/timers.o
LOAD ./MCAL/PWM/SOURCE/PWM.o
LOAD ./MCAL/ICU/SOURCE/ICU.o
LOAD ./MCAL/DIO/SOURCE/DIO.o
LOAD ./HAL/Ultrasonic/SOURCE/ultrasonic.o
LOAD ./HAL/SERVO/SOURCE/SERVO.o
LOAD ./HAL/LCD/SOURCE/lcd.o
LOAD ./APP/main.o
LOAD d:/ecl/sdk/imt_sdk_win_64/imt_sdk_win_64/winavr/bin/../lib/gcc/avr/4.3.3/avr5\libgcc.a
LOAD d:/ecl/sdk/imt_sdk_win_64/imt_sdk_win_64/winavr/bin/../lib/gcc/avr/4.3.3/../../../../avr/lib/avr5\libc.a
LOAD d:/ecl/sdk/imt_sdk_win_64/imt_sdk_win_64/winavr/bin/../lib/gcc/avr/4.3.3/avr5\libgcc.a

.hash
 *(.hash)

.dynsym
 *(.dynsym)

.dynstr
 *(.dynstr)

.gnu.version
 *(.gnu.version)

.gnu.version_d
 *(.gnu.version_d)

.gnu.version_r
 *(.gnu.version_r)

.rel.init
 *(.rel.init)

.rela.init
 *(.rela.init)

.rel.text
 *(.rel.text)
 *(.rel.text.*)
 *(.rel.gnu.linkonce.t*)

.rela.text
 *(.rela.text)
 *(.rela.text.*)
 *(.rela.gnu.linkonce.t*)

.rel.fini
 *(.rel.fini)

.rela.fini
 *(.rela.fini)

.rel.rodata
 *(.rel.rodata)
 *(.rel.rodata.*)
 *(.rel.gnu.linkonce.r*)

.rela.rodata
 *(.rela.rodata)
 *(.rela.rodata.*)
 *(.rela.gnu.linkonce.r*)

.rel.data
 *(.rel.data)
 *(.rel.data.*)
 *(.rel.gnu.linkonce.d*)

.rela.data
 *(.rela.data)
 *(.rela.data.*)
 *(.rela.gnu.linkonce.d*)

.rel.ctors
 *(.rel.ctors)

.rela.ctors
 *(.rela.ctors)

.rel.dtors
 *(.rel.dtors)

.rela.dtors
 *(.rela.dtors)

.rel.got
 *(.rel.got)

.rela.got
 *(.rela.got)

.rel.bss
 *(.rel.bss)

.rela.bss
 *(.rela.bss)

.rel.plt
 *(.rel.plt)

.rela.plt
 *(.rela.plt)

.text           0x00000000     0x7c46
 *(.vectors)
 .vectors       0x00000000       0x54 d:/ecl/sdk/imt_sdk_win_64/imt_sdk_win_64/winavr/bin/../lib/gcc/avr/4.3.3/../../../../avr/lib/avr5/crtm32.o
                0x00000000                __vectors
                0x00000000                __vector_default
 *(.vectors)
 *(.progmem.gcc*)
 *(.progmem*)
                0x00000054                . = ALIGN (0x2)
                0x00000054                __trampolines_start = .
 *(.trampolines)
 .trampolines   0x00000054        0x0 linker stubs
 *(.trampolines*)
                0x00000054                __trampolines_end = .
 *(.jumptables)
 *(.jumptables*)
 *(.lowtext)
 *(.lowtext*)
                0x00000054                __ctors_start = .
 *(.ctors)
                0x00000054                __ctors_end = .
                0x00000054                __dtors_start = .
 *(.dtors)
                0x00000054                __dtors_end = .
 SORT(*)(.ctors)
 SORT(*)(.dtors)
 *(.init0)
 .init0         0x00000054        0x0 d:/ecl/sdk/imt_sdk_win_64/imt_sdk_win_64/winavr/bin/../lib/gcc/avr/4.3.3/../../../../avr/lib/avr5/crtm32.o
                0x00000054                __init
 *(.init0)
 *(.init1)
 *(.init1)
 *(.init2)
 .init2         0x00000054        0xc d:/ecl/sdk/imt_sdk_win_64/imt_sdk_win_64/winavr/bin/../lib/gcc/avr/4.3.3/../../../../avr/lib/avr5/crtm32.o
 *(.init2)
 *(.init3)
 *(.init3)
 *(.init4)
 .init4         0x00000060       0x16 d:/ecl/sdk/imt_sdk_win_64/imt_sdk_win_64/winavr/bin/../lib/gcc/avr/4.3.3/avr5\libgcc.a(_copy_data.o)
                0x00000060                __do_copy_data
 .init4         0x00000076       0x10 d:/ecl/sdk/imt_sdk_win_64/imt_sdk_win_64/winavr/bin/../lib/gcc/avr/4.3.3/avr5\libgcc.a(_clear_bss.o)
                0x00000076                __do_clear_bss
 *(.init4)
 *(.init5)
 *(.init5)
 *(.init6)
 *(.init6)
 *(.init7)
 *(.init7)
 *(.init8)
 *(.init8)
 *(.init9)
 .init9         0x00000086        0x8 d:/ecl/sdk/imt_sdk_win_64/imt_sdk_win_64/winavr/bin/../lib/gcc/avr/4.3.3/../../../../avr/lib/avr5/crtm32.o
 *(.init9)
 *(.text)
 .text          0x0000008e        0x4 d:/ecl/sdk/imt_sdk_win_64/imt_sdk_win_64/winavr/bin/../lib/gcc/avr/4.3.3/../../../../avr/lib/avr5/crtm32.o
                0x0000008e                __vector_1
                0x0000008e                __vector_12
                0x0000008e                __bad_interrupt
                0x0000008e                __vector_3
                0x0000008e                __vector_11
                0x0000008e                __vector_13
                0x0000008e                __vector_17
                0x0000008e                __vector_19
                0x0000008e                __vector_5
                0x0000008e                __vector_4
                0x0000008e                __vector_9
                0x0000008e                __vector_2
                0x0000008e                __vector_15
                0x0000008e                __vector_8
                0x0000008e                __vector_14
                0x0000008e                __vector_10
                0x0000008e                __vector_16
                0x0000008e                __vector_18
                0x0000008e                __vector_20
 .text          0x00000092        0x0 ./SERVICE/FreeRTOS/Source/portable/MemMang/heap_1.o
 .text          0x00000092        0x0 ./SERVICE/FreeRTOS/Source/portable/GCC/ATMega323/port.o
 .text          0x00000092        0x0 ./SERVICE/FreeRTOS/Source/croutine.o
 .text          0x00000092        0x0 ./SERVICE/FreeRTOS/Source/event_groups.o
 .text          0x00000092        0x0 ./SERVICE/FreeRTOS/Source/list.o
 .text          0x00000092        0x0 ./SERVICE/FreeRTOS/Source/queue.o
 .text          0x00000092        0x0 ./SERVICE/FreeRTOS/Source/stream_buffer.o
 .text          0x00000092        0x0 ./SERVICE/FreeRTOS/Source/tasks.o
 .text          0x00000092        0x0 ./SERVICE/FreeRTOS/Source/timers.o
 .text          0x00000092        0x0 ./MCAL/PWM/SOURCE/PWM.o
 .text          0x00000092        0x0 ./MCAL/ICU/SOURCE/ICU.o
 .text          0x00000092        0x0 ./MCAL/DIO/SOURCE/DIO.o
 .text          0x00000092        0x0 ./HAL/Ultrasonic/SOURCE/ultrasonic.o
 .text          0x00000092        0x0 ./HAL/SERVO/SOURCE/SERVO.o
 .text          0x00000092        0x0 ./HAL/LCD/SOURCE/lcd.o
 .text          0x00000092        0x0 ./APP/main.o
 .text          0x00000092        0x0 d:/ecl/sdk/imt_sdk_win_64/imt_sdk_win_64/winavr/bin/../lib/gcc/avr/4.3.3/avr5\libgcc.a(_mulsi3.o)
 .text          0x00000092        0x0 d:/ecl/sdk/imt_sdk_win_64/imt_sdk_win_64/winavr/bin/../lib/gcc/avr/4.3.3/avr5\libgcc.a(_udivmodhi4.o)
 .text          0x00000092        0x0 d:/ecl/sdk/imt_sdk_win_64/imt_sdk_win_64/winavr/bin/../lib/gcc/avr/4.3.3/avr5\libgcc.a(_udivmodsi4.o)
 .text          0x00000092        0x0 d:/ecl/sdk/imt_sdk_win_64/imt_sdk_win_64/winavr/bin/../lib/gcc/avr/4.3.3/avr5\libgcc.a(_exit.o)
 .text          0x00000092        0x0 d:/ecl/sdk/imt_sdk_win_64/imt_sdk_win_64/winavr/bin/../lib/gcc/avr/4.3.3/avr5\libgcc.a(_copy_data.o)
 .text          0x00000092        0x0 d:/ecl/sdk/imt_sdk_win_64/imt_sdk_win_64/winavr/bin/../lib/gcc/avr/4.3.3/avr5\libgcc.a(_clear_bss.o)
 .text          0x00000092       0x58 d:/ecl/sdk/imt_sdk_win_64/imt_sdk_win_64/winavr/bin/../lib/gcc/avr/4.3.3/avr5\libgcc.a(_fixunssfsi.o)
                0x00000092                __fixunssfsi
 .text          0x000000ea      0x354 d:/ecl/sdk/imt_sdk_win_64/imt_sdk_win_64/winavr/bin/../lib/gcc/avr/4.3.3/avr5\libgcc.a(_addsub_sf.o)
                0x00000382                __subsf3
                0x000003e4                __addsf3
 .text          0x0000043e      0x1f4 d:/ecl/sdk/imt_sdk_win_64/imt_sdk_win_64/winavr/bin/../lib/gcc/avr/4.3.3/avr5\libgcc.a(_mul_sf.o)
                0x0000043e                __mulsf3
 .text          0x00000632      0x158 d:/ecl/sdk/imt_sdk_win_64/imt_sdk_win_64/winavr/bin/../lib/gcc/avr/4.3.3/avr5\libgcc.a(_div_sf.o)
                0x00000632                __divsf3
 .text          0x0000078a       0x60 d:/ecl/sdk/imt_sdk_win_64/imt_sdk_win_64/winavr/bin/../lib/gcc/avr/4.3.3/avr5\libgcc.a(_gt_sf.o)
                0x0000078a                __gtsf2
 .text          0x000007ea       0x60 d:/ecl/sdk/imt_sdk_win_64/imt_sdk_win_64/winavr/bin/../lib/gcc/avr/4.3.3/avr5\libgcc.a(_ge_sf.o)
                0x000007ea                __gesf2
 .text          0x0000084a       0x60 d:/ecl/sdk/imt_sdk_win_64/imt_sdk_win_64/winavr/bin/../lib/gcc/avr/4.3.3/avr5\libgcc.a(_lt_sf.o)
                0x0000084a                __ltsf2
 .text          0x000008aa       0xa8 d:/ecl/sdk/imt_sdk_win_64/imt_sdk_win_64/winavr/bin/../lib/gcc/avr/4.3.3/avr5\libgcc.a(_sf_to_si.o)
                0x000008aa                __fixsfsi
 .text          0x00000952        0x0 d:/ecl/sdk/imt_sdk_win_64/imt_sdk_win_64/winavr/bin/../lib/gcc/avr/4.3.3/avr5\libgcc.a(_thenan_sf.o)
 .text          0x00000952        0x0 d:/ecl/sdk/imt_sdk_win_64/imt_sdk_win_64/winavr/bin/../lib/gcc/avr/4.3.3/avr5\libgcc.a(_prologue.o)
 .text          0x00000952        0x0 d:/ecl/sdk/imt_sdk_win_64/imt_sdk_win_64/winavr/bin/../lib/gcc/avr/4.3.3/avr5\libgcc.a(_epilogue.o)
 .text          0x00000952      0x1aa d:/ecl/sdk/imt_sdk_win_64/imt_sdk_win_64/winavr/bin/../lib/gcc/avr/4.3.3/avr5\libgcc.a(_pack_sf.o)
                0x00000952                __pack_f
 .text          0x00000afc       0xf0 d:/ecl/sdk/imt_sdk_win_64/imt_sdk_win_64/winavr/bin/../lib/gcc/avr/4.3.3/avr5\libgcc.a(_unpack_sf.o)
                0x00000afc                __unpack_f
 .text          0x00000bec       0xb2 d:/ecl/sdk/imt_sdk_win_64/imt_sdk_win_64/winavr/bin/../lib/gcc/avr/4.3.3/avr5\libgcc.a(_fpcmp_parts_sf.o)
                0x00000bec                __fpcmp_parts_f
 .text          0x00000c9e        0x0 d:/ecl/sdk/imt_sdk_win_64/imt_sdk_win_64/winavr/bin/../lib/gcc/avr/4.3.3/../../../../avr/lib/avr5\libc.a(memcpy.o)
 .text          0x00000c9e        0x0 d:/ecl/sdk/imt_sdk_win_64/imt_sdk_win_64/winavr/bin/../lib/gcc/avr/4.3.3/../../../../avr/lib/avr5\libc.a(memset.o)
 .text          0x00000c9e        0x0 d:/ecl/sdk/imt_sdk_win_64/imt_sdk_win_64/winavr/bin/../lib/gcc/avr/4.3.3/../../../../avr/lib/avr5\libc.a(itoa.o)
 .text          0x00000c9e        0x0 d:/ecl/sdk/imt_sdk_win_64/imt_sdk_win_64/winavr/bin/../lib/gcc/avr/4.3.3/../../../../avr/lib/avr5\libc.a(strrev.o)
                0x00000c9e                . = ALIGN (0x2)
 *(.text.*)
 .text.pvPortMalloc
                0x00000c9e       0xb4 ./SERVICE/FreeRTOS/Source/portable/MemMang/heap_1.o
                0x00000c9e                pvPortMalloc
 .text.vPortFree
                0x00000d52       0x18 ./SERVICE/FreeRTOS/Source/portable/MemMang/heap_1.o
                0x00000d52                vPortFree
 .text.vPortInitialiseBlocks
                0x00000d6a       0x16 ./SERVICE/FreeRTOS/Source/portable/MemMang/heap_1.o
                0x00000d6a                vPortInitialiseBlocks
 .text.xPortGetFreeHeapSize
                0x00000d80       0x1e ./SERVICE/FreeRTOS/Source/portable/MemMang/heap_1.o
                0x00000d80                xPortGetFreeHeapSize
 .text.pxPortInitialiseStack
                0x00000d9e      0x306 ./SERVICE/FreeRTOS/Source/portable/GCC/ATMega323/port.o
                0x00000d9e                pxPortInitialiseStack
 .text.xPortStartScheduler
                0x000010a4       0x6a ./SERVICE/FreeRTOS/Source/portable/GCC/ATMega323/port.o
                0x000010a4                xPortStartScheduler
 .text.vPortEndScheduler
                0x0000110e        0xe ./SERVICE/FreeRTOS/Source/portable/GCC/ATMega323/port.o
                0x0000110e                vPortEndScheduler
 .text.vPortYield
                0x0000111c       0xb2 ./SERVICE/FreeRTOS/Source/portable/GCC/ATMega323/port.o
                0x0000111c                vPortYield
 .text.vPortYieldFromTick
                0x000011ce       0xba ./SERVICE/FreeRTOS/Source/portable/GCC/ATMega323/port.o
                0x000011ce                vPortYieldFromTick
 .text.prvSetupTimerInterrupt
                0x00001288       0xb8 ./SERVICE/FreeRTOS/Source/portable/GCC/ATMega323/port.o
 .text.__vector_7
                0x00001340        0x6 ./SERVICE/FreeRTOS/Source/portable/GCC/ATMega323/port.o
                0x00001340                __vector_7
 .text.xEventGroupCreate
                0x00001346       0x3e ./SERVICE/FreeRTOS/Source/event_groups.o
                0x00001346                xEventGroupCreate
 .text.xEventGroupSync
                0x00001384      0x172 ./SERVICE/FreeRTOS/Source/event_groups.o
                0x00001384                xEventGroupSync
 .text.xEventGroupWaitBits
                0x000014f6      0x18c ./SERVICE/FreeRTOS/Source/event_groups.o
                0x000014f6                xEventGroupWaitBits
 .text.xEventGroupClearBits
                0x00001682       0x6c ./SERVICE/FreeRTOS/Source/event_groups.o
                0x00001682                xEventGroupClearBits
 .text.xEventGroupGetBitsFromISR
                0x000016ee       0x44 ./SERVICE/FreeRTOS/Source/event_groups.o
                0x000016ee                xEventGroupGetBitsFromISR
 .text.xEventGroupSetBits
                0x00001732      0x164 ./SERVICE/FreeRTOS/Source/event_groups.o
                0x00001732                xEventGroupSetBits
 .text.vEventGroupDelete
                0x00001896       0x62 ./SERVICE/FreeRTOS/Source/event_groups.o
                0x00001896                vEventGroupDelete
 .text.vEventGroupSetBitsCallback
                0x000018f8       0x3a ./SERVICE/FreeRTOS/Source/event_groups.o
                0x000018f8                vEventGroupSetBitsCallback
 .text.vEventGroupClearBitsCallback
                0x00001932       0x3a ./SERVICE/FreeRTOS/Source/event_groups.o
                0x00001932                vEventGroupClearBitsCallback
 .text.prvTestWaitCondition
                0x0000196c       0x64 ./SERVICE/FreeRTOS/Source/event_groups.o
 .text.vListInitialise
                0x000019d0       0x54 ./SERVICE/FreeRTOS/Source/list.o
                0x000019d0                vListInitialise
 .text.vListInitialiseItem
                0x00001a24       0x20 ./SERVICE/FreeRTOS/Source/list.o
                0x00001a24                vListInitialiseItem
 .text.vListInsertEnd
                0x00001a44       0x88 ./SERVICE/FreeRTOS/Source/list.o
                0x00001a44                vListInsertEnd
 .text.vListInsert
                0x00001acc       0xd8 ./SERVICE/FreeRTOS/Source/list.o
                0x00001acc                vListInsert
 .text.uxListRemove
                0x00001ba4       0x98 ./SERVICE/FreeRTOS/Source/list.o
                0x00001ba4                uxListRemove
 .text.xQueueGenericReset
                0x00001c3c      0x156 ./SERVICE/FreeRTOS/Source/queue.o
                0x00001c3c                xQueueGenericReset
 .text.xQueueGenericCreate
                0x00001d92       0xe8 ./SERVICE/FreeRTOS/Source/queue.o
                0x00001d92                xQueueGenericCreate
 .text.prvInitialiseNewQueue
                0x00001e7a       0x76 ./SERVICE/FreeRTOS/Source/queue.o
 .text.xQueueGenericSend
                0x00001ef0      0x158 ./SERVICE/FreeRTOS/Source/queue.o
                0x00001ef0                xQueueGenericSend
 .text.xQueueGenericSendFromISR
                0x00002048       0xc6 ./SERVICE/FreeRTOS/Source/queue.o
                0x00002048                xQueueGenericSendFromISR
 .text.xQueueGiveFromISR
                0x0000210e       0xb0 ./SERVICE/FreeRTOS/Source/queue.o
                0x0000210e                xQueueGiveFromISR
 .text.xQueueReceive
                0x000021be      0x156 ./SERVICE/FreeRTOS/Source/queue.o
                0x000021be                xQueueReceive
 .text.xQueueSemaphoreTake
                0x00002314      0x144 ./SERVICE/FreeRTOS/Source/queue.o
                0x00002314                xQueueSemaphoreTake
 .text.xQueuePeek
                0x00002458      0x164 ./SERVICE/FreeRTOS/Source/queue.o
                0x00002458                xQueuePeek
 .text.xQueueReceiveFromISR
                0x000025bc       0xbc ./SERVICE/FreeRTOS/Source/queue.o
                0x000025bc                xQueueReceiveFromISR
 .text.xQueuePeekFromISR
                0x00002678       0x72 ./SERVICE/FreeRTOS/Source/queue.o
                0x00002678                xQueuePeekFromISR
 .text.uxQueueMessagesWaiting
                0x000026ea       0x30 ./SERVICE/FreeRTOS/Source/queue.o
                0x000026ea                uxQueueMessagesWaiting
 .text.uxQueueSpacesAvailable
                0x0000271a       0x4a ./SERVICE/FreeRTOS/Source/queue.o
                0x0000271a                uxQueueSpacesAvailable
 .text.uxQueueMessagesWaitingFromISR
                0x00002764       0x34 ./SERVICE/FreeRTOS/Source/queue.o
                0x00002764                uxQueueMessagesWaitingFromISR
 .text.vQueueDelete
                0x00002798       0x2e ./SERVICE/FreeRTOS/Source/queue.o
                0x00002798                vQueueDelete
 .text.prvCopyDataToQueue
                0x000027c6      0x14c ./SERVICE/FreeRTOS/Source/queue.o
 .text.prvCopyDataFromQueue
                0x00002912       0x8e ./SERVICE/FreeRTOS/Source/queue.o
 .text.prvUnlockQueue
                0x000029a0       0xa6 ./SERVICE/FreeRTOS/Source/queue.o
 .text.prvIsQueueEmpty
                0x00002a46       0x3a ./SERVICE/FreeRTOS/Source/queue.o
 .text.xQueueIsQueueEmptyFromISR
                0x00002a80       0x3e ./SERVICE/FreeRTOS/Source/queue.o
                0x00002a80                xQueueIsQueueEmptyFromISR
 .text.prvIsQueueFull
                0x00002abe       0x40 ./SERVICE/FreeRTOS/Source/queue.o
 .text.xQueueIsQueueFullFromISR
                0x00002afe       0x44 ./SERVICE/FreeRTOS/Source/queue.o
                0x00002afe                xQueueIsQueueFullFromISR
 .text.xStreamBufferGenericCreate
                0x00002b42       0xd8 ./SERVICE/FreeRTOS/Source/stream_buffer.o
                0x00002b42                xStreamBufferGenericCreate
 .text.vStreamBufferDelete
                0x00002c1a       0x52 ./SERVICE/FreeRTOS/Source/stream_buffer.o
                0x00002c1a                vStreamBufferDelete
 .text.xStreamBufferReset
                0x00002c6c       0xb4 ./SERVICE/FreeRTOS/Source/stream_buffer.o
                0x00002c6c                xStreamBufferReset
 .text.xStreamBufferSetTriggerLevel
                0x00002d20       0x6e ./SERVICE/FreeRTOS/Source/stream_buffer.o
                0x00002d20                xStreamBufferSetTriggerLevel
 .text.xStreamBufferSpacesAvailable
                0x00002d8e       0xb0 ./SERVICE/FreeRTOS/Source/stream_buffer.o
                0x00002d8e                xStreamBufferSpacesAvailable
 .text.xStreamBufferBytesAvailable
                0x00002e3e       0x3c ./SERVICE/FreeRTOS/Source/stream_buffer.o
                0x00002e3e                xStreamBufferBytesAvailable
 .text.xStreamBufferSend
                0x00002e7a      0x1dc ./SERVICE/FreeRTOS/Source/stream_buffer.o
                0x00002e7a                xStreamBufferSend
 .text.xStreamBufferSendFromISR
                0x00003056      0x104 ./SERVICE/FreeRTOS/Source/stream_buffer.o
                0x00003056                xStreamBufferSendFromISR
 .text.prvWriteMessageToBuffer
                0x0000315a       0xf8 ./SERVICE/FreeRTOS/Source/stream_buffer.o
 .text.xStreamBufferReceive
                0x00003252      0x17c ./SERVICE/FreeRTOS/Source/stream_buffer.o
                0x00003252                xStreamBufferReceive
 .text.xStreamBufferNextMessageLengthBytes
                0x000033ce       0x92 ./SERVICE/FreeRTOS/Source/stream_buffer.o
                0x000033ce                xStreamBufferNextMessageLengthBytes
 .text.xStreamBufferReceiveFromISR
                0x00003460       0xf0 ./SERVICE/FreeRTOS/Source/stream_buffer.o
                0x00003460                xStreamBufferReceiveFromISR
 .text.prvReadMessageFromBuffer
                0x00003550       0xfc ./SERVICE/FreeRTOS/Source/stream_buffer.o
 .text.xStreamBufferIsEmpty
                0x0000364c       0x5a ./SERVICE/FreeRTOS/Source/stream_buffer.o
                0x0000364c                xStreamBufferIsEmpty
 .text.xStreamBufferIsFull
                0x000036a6       0x70 ./SERVICE/FreeRTOS/Source/stream_buffer.o
                0x000036a6                xStreamBufferIsFull
 .text.xStreamBufferSendCompletedFromISR
                0x00003716       0x8c ./SERVICE/FreeRTOS/Source/stream_buffer.o
                0x00003716                xStreamBufferSendCompletedFromISR
 .text.xStreamBufferReceiveCompletedFromISR
                0x000037a2       0x8c ./SERVICE/FreeRTOS/Source/stream_buffer.o
                0x000037a2                xStreamBufferReceiveCompletedFromISR
 .text.prvWriteBytesToBuffer
                0x0000382e      0x106 ./SERVICE/FreeRTOS/Source/stream_buffer.o
 .text.prvReadBytesFromBuffer
                0x00003934      0x10a ./SERVICE/FreeRTOS/Source/stream_buffer.o
 .text.prvBytesInBuffer
                0x00003a3e       0x74 ./SERVICE/FreeRTOS/Source/stream_buffer.o
 .text.prvInitialiseNewStreamBuffer
                0x00003ab2       0x90 ./SERVICE/FreeRTOS/Source/stream_buffer.o
 .text.xTaskCreate
                0x00003b42      0x100 ./SERVICE/FreeRTOS/Source/tasks.o
                0x00003b42                xTaskCreate
 .text.prvInitialiseNewTask
                0x00003c42      0x15e ./SERVICE/FreeRTOS/Source/tasks.o
 .text.prvAddNewTaskToReadyList
                0x00003da0      0x17a ./SERVICE/FreeRTOS/Source/tasks.o
 .text.vTaskDelete
                0x00003f1a       0xf6 ./SERVICE/FreeRTOS/Source/tasks.o
                0x00003f1a                vTaskDelete
 .text.xTaskDelayUntil
                0x00004010       0xe6 ./SERVICE/FreeRTOS/Source/tasks.o
                0x00004010                xTaskDelayUntil
 .text.vTaskDelay
                0x000040f6       0x44 ./SERVICE/FreeRTOS/Source/tasks.o
                0x000040f6                vTaskDelay
 .text.vTaskStartScheduler
                0x0000413a       0x6a ./SERVICE/FreeRTOS/Source/tasks.o
                0x0000413a                vTaskStartScheduler
 .text.vTaskEndScheduler
                0x000041a4       0x18 ./SERVICE/FreeRTOS/Source/tasks.o
                0x000041a4                vTaskEndScheduler
 .text.vTaskSuspendAll
                0x000041bc       0x18 ./SERVICE/FreeRTOS/Source/tasks.o
                0x000041bc                vTaskSuspendAll
 .text.xTaskResumeAll
                0x000041d4      0x2a0 ./SERVICE/FreeRTOS/Source/tasks.o
                0x000041d4                xTaskResumeAll
 .text.xTaskGetTickCount
                0x00004474       0x2e ./SERVICE/FreeRTOS/Source/tasks.o
                0x00004474                xTaskGetTickCount
 .text.xTaskGetTickCountFromISR
                0x000044a2       0x2a ./SERVICE/FreeRTOS/Source/tasks.o
                0x000044a2                xTaskGetTickCountFromISR
 .text.uxTaskGetNumberOfTasks
                0x000044cc       0x12 ./SERVICE/FreeRTOS/Source/tasks.o
                0x000044cc                uxTaskGetNumberOfTasks
 .text.pcTaskGetName
                0x000044de       0x50 ./SERVICE/FreeRTOS/Source/tasks.o
                0x000044de                pcTaskGetName
 .text.xTaskCatchUpTicks
                0x0000452e       0x4a ./SERVICE/FreeRTOS/Source/tasks.o
                0x0000452e                xTaskCatchUpTicks
 .text.xTaskIncrementTick
                0x00004578      0x32e ./SERVICE/FreeRTOS/Source/tasks.o
                0x00004578                xTaskIncrementTick
 .text.vTaskSwitchContext
                0x000048a6       0xda ./SERVICE/FreeRTOS/Source/tasks.o
                0x000048a6                vTaskSwitchContext
 .text.vTaskPlaceOnEventList
                0x00004980       0x44 ./SERVICE/FreeRTOS/Source/tasks.o
                0x00004980                vTaskPlaceOnEventList
 .text.vTaskPlaceOnUnorderedEventList
                0x000049c4       0xca ./SERVICE/FreeRTOS/Source/tasks.o
                0x000049c4                vTaskPlaceOnUnorderedEventList
 .text.xTaskRemoveFromEventList
                0x00004a8e      0x288 ./SERVICE/FreeRTOS/Source/tasks.o
                0x00004a8e                xTaskRemoveFromEventList
 .text.vTaskRemoveFromUnorderedEventList
                0x00004d16      0x21c ./SERVICE/FreeRTOS/Source/tasks.o
                0x00004d16                vTaskRemoveFromUnorderedEventList
 .text.vTaskSetTimeOutState
                0x00004f32       0x3c ./SERVICE/FreeRTOS/Source/tasks.o
                0x00004f32                vTaskSetTimeOutState
 .text.vTaskInternalSetTimeOutState
                0x00004f6e       0x32 ./SERVICE/FreeRTOS/Source/tasks.o
                0x00004f6e                vTaskInternalSetTimeOutState
 .text.xTaskCheckForTimeOut
                0x00004fa0       0xce ./SERVICE/FreeRTOS/Source/tasks.o
                0x00004fa0                xTaskCheckForTimeOut
 .text.vTaskMissedYield
                0x0000506e       0x14 ./SERVICE/FreeRTOS/Source/tasks.o
                0x0000506e                vTaskMissedYield
 .text.prvIdleTask
                0x00005082       0x20 ./SERVICE/FreeRTOS/Source/tasks.o
 .text.prvInitialiseTaskLists
                0x000050a2       0x7a ./SERVICE/FreeRTOS/Source/tasks.o
 .text.prvCheckTasksWaitingTermination
                0x0000511c       0x5e ./SERVICE/FreeRTOS/Source/tasks.o
 .text.prvDeleteTCB
                0x0000517a       0x2c ./SERVICE/FreeRTOS/Source/tasks.o
 .text.prvResetNextTaskUnblockTime
                0x000051a6       0x44 ./SERVICE/FreeRTOS/Source/tasks.o
 .text.xTaskGetCurrentTaskHandle
                0x000051ea       0x24 ./SERVICE/FreeRTOS/Source/tasks.o
                0x000051ea                xTaskGetCurrentTaskHandle
 .text.uxTaskResetEventItemValue
                0x0000520e       0x4e ./SERVICE/FreeRTOS/Source/tasks.o
                0x0000520e                uxTaskResetEventItemValue
 .text.ulTaskGenericNotifyTake
                0x0000525c      0x16c ./SERVICE/FreeRTOS/Source/tasks.o
                0x0000525c                ulTaskGenericNotifyTake
 .text.xTaskGenericNotifyWait
                0x000053c8      0x1ee ./SERVICE/FreeRTOS/Source/tasks.o
                0x000053c8                xTaskGenericNotifyWait
 .text.xTaskGenericNotify
                0x000055b6      0x37c ./SERVICE/FreeRTOS/Source/tasks.o
                0x000055b6                xTaskGenericNotify
 .text.xTaskGenericNotifyFromISR
                0x00005932      0x3fe ./SERVICE/FreeRTOS/Source/tasks.o
                0x00005932                xTaskGenericNotifyFromISR
 .text.vTaskGenericNotifyGiveFromISR
                0x00005d30      0x2a0 ./SERVICE/FreeRTOS/Source/tasks.o
                0x00005d30                vTaskGenericNotifyGiveFromISR
 .text.xTaskGenericNotifyStateClear
                0x00005fd0       0x92 ./SERVICE/FreeRTOS/Source/tasks.o
                0x00005fd0                xTaskGenericNotifyStateClear
 .text.ulTaskGenericNotifyValueClear
                0x00006062      0x104 ./SERVICE/FreeRTOS/Source/tasks.o
                0x00006062                ulTaskGenericNotifyValueClear
 .text.prvAddCurrentTaskToDelayedList
                0x00006166       0xcc ./SERVICE/FreeRTOS/Source/tasks.o
 .text.PWM_u8Init
                0x00006232      0x158 ./MCAL/PWM/SOURCE/PWM.o
                0x00006232                PWM_u8Init
 .text.__vector_6
                0x0000638a       0x66 ./MCAL/ICU/SOURCE/ICU.o
                0x0000638a                __vector_6
 .text.Icu_init
                0x000063f0       0x92 ./MCAL/ICU/SOURCE/ICU.o
                0x000063f0                Icu_init
 .text.Icu_setCallBack
                0x00006482       0x24 ./MCAL/ICU/SOURCE/ICU.o
                0x00006482                Icu_setCallBack
 .text.Icu_setEdgeDetectionType
                0x000064a6       0x3e ./MCAL/ICU/SOURCE/ICU.o
                0x000064a6                Icu_setEdgeDetectionType
 .text.Icu_getInputCaptureValue
                0x000064e4       0x16 ./MCAL/ICU/SOURCE/ICU.o
                0x000064e4                Icu_getInputCaptureValue
 .text.Icu_clearTimerValue
                0x000064fa       0x16 ./MCAL/ICU/SOURCE/ICU.o
                0x000064fa                Icu_clearTimerValue
 .text.Icu_DeInit
                0x00006510       0x38 ./MCAL/ICU/SOURCE/ICU.o
                0x00006510                Icu_DeInit
 .text.DIO_SET_PORT_DIREC
                0x00006548       0x82 ./MCAL/DIO/SOURCE/DIO.o
                0x00006548                DIO_SET_PORT_DIREC
 .text.DIO_SET_PIN_DIREC
                0x000065ca      0x1c6 ./MCAL/DIO/SOURCE/DIO.o
                0x000065ca                DIO_SET_PIN_DIREC
 .text.DIO_SET_PIN_VALUE
                0x00006790      0x1c6 ./MCAL/DIO/SOURCE/DIO.o
                0x00006790                DIO_SET_PIN_VALUE
 .text.DIO_SET_PORT_VALUE
                0x00006956       0x82 ./MCAL/DIO/SOURCE/DIO.o
                0x00006956                DIO_SET_PORT_VALUE
 .text.DIO_TOOGLE_PIN
                0x000069d8       0xfa ./MCAL/DIO/SOURCE/DIO.o
                0x000069d8                DIO_TOOGLE_PIN
 .text.DIO_READ_PIN
                0x00006ad2       0xf2 ./MCAL/DIO/SOURCE/DIO.o
                0x00006ad2                DIO_READ_PIN
 .text.DIO_READ_PORT
                0x00006bc4       0x82 ./MCAL/DIO/SOURCE/DIO.o
                0x00006bc4                DIO_READ_PORT
 .text.DIO_SET_PULL_UP_RES
                0x00006c46       0xfa ./MCAL/DIO/SOURCE/DIO.o
                0x00006c46                DIO_SET_PULL_UP_RES
 .text.Ultrasonic_init
                0x00006d40       0x36 ./HAL/Ultrasonic/SOURCE/ultrasonic.o
                0x00006d40                Ultrasonic_init
 .text.Ultrasonic_Trigger
                0x00006d76      0x1b6 ./HAL/Ultrasonic/SOURCE/ultrasonic.o
                0x00006d76                Ultrasonic_Trigger
 .text.Ultrasonic_readDistance
                0x00006f2c       0x42 ./HAL/Ultrasonic/SOURCE/ultrasonic.o
                0x00006f2c                Ultrasonic_readDistance
 .text.Ultrasonic_edgeProcessing
                0x00006f6e       0x4a ./HAL/Ultrasonic/SOURCE/ultrasonic.o
                0x00006f6e                Ultrasonic_edgeProcessing
 .text.SERVO_u8Rotate
                0x00006fb8       0xc8 ./HAL/SERVO/SOURCE/SERVO.o
                0x00006fb8                SERVO_u8Rotate
 .text.LCD_init
                0x00007080       0x46 ./HAL/LCD/SOURCE/lcd.o
                0x00007080                LCD_init
 .text.LCD_sendCommand
                0x000070c6      0x3e8 ./HAL/LCD/SOURCE/lcd.o
                0x000070c6                LCD_sendCommand
 .text.LCD_displayCharacter
                0x000074ae      0x3e8 ./HAL/LCD/SOURCE/lcd.o
                0x000074ae                LCD_displayCharacter
 .text.LCD_displayString
                0x00007896       0x52 ./HAL/LCD/SOURCE/lcd.o
                0x00007896                LCD_displayString
 .text.LCD_moveCursor
                0x000078e8       0x84 ./HAL/LCD/SOURCE/lcd.o
                0x000078e8                LCD_moveCursor
 .text.LCD_displayStringRowColumn
                0x0000796c       0x32 ./HAL/LCD/SOURCE/lcd.o
                0x0000796c                LCD_displayStringRowColumn
 .text.LCD_intgerToString
                0x0000799e       0x46 ./HAL/LCD/SOURCE/lcd.o
                0x0000799e                LCD_intgerToString
 .text.LCD_clearScreen
                0x000079e4       0x14 ./HAL/LCD/SOURCE/lcd.o
                0x000079e4                LCD_clearScreen
 .text.Enable_Global_Interrupt
                0x000079f8       0x1c ./APP/main.o
                0x000079f8                Enable_Global_Interrupt
 .text.main     0x00007a14       0x60 ./APP/main.o
                0x00007a14                main
 .text.ToggleLED1
                0x00007a74       0x1a ./APP/main.o
                0x00007a74                ToggleLED1
 .text.ToggleLED2
                0x00007a8e       0x1a ./APP/main.o
                0x00007a8e                ToggleLED2
 .text.libgcc   0x00007aa8       0x3e d:/ecl/sdk/imt_sdk_win_64/imt_sdk_win_64/winavr/bin/../lib/gcc/avr/4.3.3/avr5\libgcc.a(_mulsi3.o)
                0x00007aa8                __mulsi3
 .text.libgcc   0x00007ae6       0x28 d:/ecl/sdk/imt_sdk_win_64/imt_sdk_win_64/winavr/bin/../lib/gcc/avr/4.3.3/avr5\libgcc.a(_udivmodhi4.o)
                0x00007ae6                __udivmodhi4
 .text.libgcc   0x00007b0e       0x44 d:/ecl/sdk/imt_sdk_win_64/imt_sdk_win_64/winavr/bin/../lib/gcc/avr/4.3.3/avr5\libgcc.a(_udivmodsi4.o)
                0x00007b0e                __udivmodsi4
 .text.libgcc   0x00007b52        0x0 d:/ecl/sdk/imt_sdk_win_64/imt_sdk_win_64/winavr/bin/../lib/gcc/avr/4.3.3/avr5\libgcc.a(_exit.o)
 .text.libgcc   0x00007b52        0x0 d:/ecl/sdk/imt_sdk_win_64/imt_sdk_win_64/winavr/bin/../lib/gcc/avr/4.3.3/avr5\libgcc.a(_copy_data.o)
 .text.libgcc   0x00007b52        0x0 d:/ecl/sdk/imt_sdk_win_64/imt_sdk_win_64/winavr/bin/../lib/gcc/avr/4.3.3/avr5\libgcc.a(_clear_bss.o)
 .text.libgcc   0x00007b52       0x38 d:/ecl/sdk/imt_sdk_win_64/imt_sdk_win_64/winavr/bin/../lib/gcc/avr/4.3.3/avr5\libgcc.a(_prologue.o)
                0x00007b52                __prologue_saves__
 .text.libgcc   0x00007b8a       0x36 d:/ecl/sdk/imt_sdk_win_64/imt_sdk_win_64/winavr/bin/../lib/gcc/avr/4.3.3/avr5\libgcc.a(_epilogue.o)
                0x00007b8a                __epilogue_restores__
 .text.avr-libc
                0x00007bc0       0x12 d:/ecl/sdk/imt_sdk_win_64/imt_sdk_win_64/winavr/bin/../lib/gcc/avr/4.3.3/../../../../avr/lib/avr5\libc.a(memcpy.o)
                0x00007bc0                memcpy
 .text.avr-libc
                0x00007bd2        0xe d:/ecl/sdk/imt_sdk_win_64/imt_sdk_win_64/winavr/bin/../lib/gcc/avr/4.3.3/../../../../avr/lib/avr5\libc.a(memset.o)
                0x00007bd2                memset
 .text.avr-libc
                0x00007be0       0x42 d:/ecl/sdk/imt_sdk_win_64/imt_sdk_win_64/winavr/bin/../lib/gcc/avr/4.3.3/../../../../avr/lib/avr5\libc.a(itoa.o)
                0x00007be0                itoa
 .text.avr-libc
                0x00007c22       0x20 d:/ecl/sdk/imt_sdk_win_64/imt_sdk_win_64/winavr/bin/../lib/gcc/avr/4.3.3/../../../../avr/lib/avr5\libc.a(strrev.o)
                0x00007c22                strrev
                0x00007c42                . = ALIGN (0x2)
 *(.fini9)
 .fini9         0x00007c42        0x0 d:/ecl/sdk/imt_sdk_win_64/imt_sdk_win_64/winavr/bin/../lib/gcc/avr/4.3.3/avr5\libgcc.a(_exit.o)
                0x00007c42                exit
                0x00007c42                _exit
 *(.fini9)
 *(.fini8)
 *(.fini8)
 *(.fini7)
 *(.fini7)
 *(.fini6)
 *(.fini6)
 *(.fini5)
 *(.fini5)
 *(.fini4)
 *(.fini4)
 *(.fini3)
 *(.fini3)
 *(.fini2)
 *(.fini2)
 *(.fini1)
 *(.fini1)
 *(.fini0)
 .fini0         0x00007c42        0x4 d:/ecl/sdk/imt_sdk_win_64/imt_sdk_win_64/winavr/bin/../lib/gcc/avr/4.3.3/avr5\libgcc.a(_exit.o)
 *(.fini0)
                0x00007c46                _etext = .

.data           0x00800060        0xe load address 0x00007c46
                0x00800060                PROVIDE (__data_start, .)
 *(.data)
 .data          0x00800060        0x0 d:/ecl/sdk/imt_sdk_win_64/imt_sdk_win_64/winavr/bin/../lib/gcc/avr/4.3.3/../../../../avr/lib/avr5/crtm32.o
 .data          0x00800060        0x0 ./SERVICE/FreeRTOS/Source/portable/MemMang/heap_1.o
 .data          0x00800060        0x0 ./SERVICE/FreeRTOS/Source/portable/GCC/ATMega323/port.o
 .data          0x00800060        0x0 ./SERVICE/FreeRTOS/Source/croutine.o
 .data          0x00800060        0x0 ./SERVICE/FreeRTOS/Source/event_groups.o
 .data          0x00800060        0x0 ./SERVICE/FreeRTOS/Source/list.o
 .data          0x00800060        0x0 ./SERVICE/FreeRTOS/Source/queue.o
 .data          0x00800060        0x0 ./SERVICE/FreeRTOS/Source/stream_buffer.o
 .data          0x00800060        0x5 ./SERVICE/FreeRTOS/Source/tasks.o
 .data          0x00800065        0x0 ./SERVICE/FreeRTOS/Source/timers.o
 .data          0x00800065        0x0 ./MCAL/PWM/SOURCE/PWM.o
 .data          0x00800065        0x0 ./MCAL/ICU/SOURCE/ICU.o
 .data          0x00800065        0x0 ./MCAL/DIO/SOURCE/DIO.o
 .data          0x00800065        0x0 ./HAL/Ultrasonic/SOURCE/ultrasonic.o
 .data          0x00800065        0x0 ./HAL/SERVO/SOURCE/SERVO.o
 .data          0x00800065        0x0 ./HAL/LCD/SOURCE/lcd.o
 .data          0x00800065        0x0 ./APP/main.o
 .data          0x00800065        0x0 d:/ecl/sdk/imt_sdk_win_64/imt_sdk_win_64/winavr/bin/../lib/gcc/avr/4.3.3/avr5\libgcc.a(_mulsi3.o)
 .data          0x00800065        0x0 d:/ecl/sdk/imt_sdk_win_64/imt_sdk_win_64/winavr/bin/../lib/gcc/avr/4.3.3/avr5\libgcc.a(_udivmodhi4.o)
 .data          0x00800065        0x0 d:/ecl/sdk/imt_sdk_win_64/imt_sdk_win_64/winavr/bin/../lib/gcc/avr/4.3.3/avr5\libgcc.a(_udivmodsi4.o)
 .data          0x00800065        0x0 d:/ecl/sdk/imt_sdk_win_64/imt_sdk_win_64/winavr/bin/../lib/gcc/avr/4.3.3/avr5\libgcc.a(_exit.o)
 .data          0x00800065        0x0 d:/ecl/sdk/imt_sdk_win_64/imt_sdk_win_64/winavr/bin/../lib/gcc/avr/4.3.3/avr5\libgcc.a(_copy_data.o)
 .data          0x00800065        0x0 d:/ecl/sdk/imt_sdk_win_64/imt_sdk_win_64/winavr/bin/../lib/gcc/avr/4.3.3/avr5\libgcc.a(_clear_bss.o)
 .data          0x00800065        0x0 d:/ecl/sdk/imt_sdk_win_64/imt_sdk_win_64/winavr/bin/../lib/gcc/avr/4.3.3/avr5\libgcc.a(_fixunssfsi.o)
 .data          0x00800065        0x0 d:/ecl/sdk/imt_sdk_win_64/imt_sdk_win_64/winavr/bin/../lib/gcc/avr/4.3.3/avr5\libgcc.a(_addsub_sf.o)
 .data          0x00800065        0x0 d:/ecl/sdk/imt_sdk_win_64/imt_sdk_win_64/winavr/bin/../lib/gcc/avr/4.3.3/avr5\libgcc.a(_mul_sf.o)
 .data          0x00800065        0x0 d:/ecl/sdk/imt_sdk_win_64/imt_sdk_win_64/winavr/bin/../lib/gcc/avr/4.3.3/avr5\libgcc.a(_div_sf.o)
 .data          0x00800065        0x0 d:/ecl/sdk/imt_sdk_win_64/imt_sdk_win_64/winavr/bin/../lib/gcc/avr/4.3.3/avr5\libgcc.a(_gt_sf.o)
 .data          0x00800065        0x0 d:/ecl/sdk/imt_sdk_win_64/imt_sdk_win_64/winavr/bin/../lib/gcc/avr/4.3.3/avr5\libgcc.a(_ge_sf.o)
 .data          0x00800065        0x0 d:/ecl/sdk/imt_sdk_win_64/imt_sdk_win_64/winavr/bin/../lib/gcc/avr/4.3.3/avr5\libgcc.a(_lt_sf.o)
 .data          0x00800065        0x0 d:/ecl/sdk/imt_sdk_win_64/imt_sdk_win_64/winavr/bin/../lib/gcc/avr/4.3.3/avr5\libgcc.a(_sf_to_si.o)
 .data          0x00800065        0x8 d:/ecl/sdk/imt_sdk_win_64/imt_sdk_win_64/winavr/bin/../lib/gcc/avr/4.3.3/avr5\libgcc.a(_thenan_sf.o)
                0x00800065                __thenan_sf
 .data          0x0080006d        0x0 d:/ecl/sdk/imt_sdk_win_64/imt_sdk_win_64/winavr/bin/../lib/gcc/avr/4.3.3/avr5\libgcc.a(_prologue.o)
 .data          0x0080006d        0x0 d:/ecl/sdk/imt_sdk_win_64/imt_sdk_win_64/winavr/bin/../lib/gcc/avr/4.3.3/avr5\libgcc.a(_epilogue.o)
 .data          0x0080006d        0x0 d:/ecl/sdk/imt_sdk_win_64/imt_sdk_win_64/winavr/bin/../lib/gcc/avr/4.3.3/avr5\libgcc.a(_pack_sf.o)
 .data          0x0080006d        0x0 d:/ecl/sdk/imt_sdk_win_64/imt_sdk_win_64/winavr/bin/../lib/gcc/avr/4.3.3/avr5\libgcc.a(_unpack_sf.o)
 .data          0x0080006d        0x0 d:/ecl/sdk/imt_sdk_win_64/imt_sdk_win_64/winavr/bin/../lib/gcc/avr/4.3.3/avr5\libgcc.a(_fpcmp_parts_sf.o)
 .data          0x0080006d        0x0 d:/ecl/sdk/imt_sdk_win_64/imt_sdk_win_64/winavr/bin/../lib/gcc/avr/4.3.3/../../../../avr/lib/avr5\libc.a(memcpy.o)
 .data          0x0080006d        0x0 d:/ecl/sdk/imt_sdk_win_64/imt_sdk_win_64/winavr/bin/../lib/gcc/avr/4.3.3/../../../../avr/lib/avr5\libc.a(memset.o)
 .data          0x0080006d        0x0 d:/ecl/sdk/imt_sdk_win_64/imt_sdk_win_64/winavr/bin/../lib/gcc/avr/4.3.3/../../../../avr/lib/avr5\libc.a(itoa.o)
 .data          0x0080006d        0x0 d:/ecl/sdk/imt_sdk_win_64/imt_sdk_win_64/winavr/bin/../lib/gcc/avr/4.3.3/../../../../avr/lib/avr5\libc.a(strrev.o)
 *(.data*)
 .data.uxTopUsedPriority
                0x0080006d        0x1 ./SERVICE/FreeRTOS/Source/tasks.o
                0x0080006d                uxTopUsedPriority
 *(.rodata)
 *(.rodata*)
 *(.gnu.linkonce.d*)
                0x0080006e                . = ALIGN (0x2)
                0x0080006e                _edata = .
                0x0080006e                PROVIDE (__data_end, .)

.bss            0x0080006e      0x647
                0x0080006e                PROVIDE (__bss_start, .)
 *(.bss)
 .bss           0x0080006e        0x0 d:/ecl/sdk/imt_sdk_win_64/imt_sdk_win_64/winavr/bin/../lib/gcc/avr/4.3.3/../../../../avr/lib/avr5/crtm32.o
 .bss           0x0080006e        0x0 ./SERVICE/FreeRTOS/Source/portable/MemMang/heap_1.o
 .bss           0x0080006e        0x0 ./SERVICE/FreeRTOS/Source/portable/GCC/ATMega323/port.o
 .bss           0x0080006e        0x0 ./SERVICE/FreeRTOS/Source/croutine.o
 .bss           0x0080006e        0x0 ./SERVICE/FreeRTOS/Source/event_groups.o
 .bss           0x0080006e        0x0 ./SERVICE/FreeRTOS/Source/list.o
 .bss           0x0080006e        0x0 ./SERVICE/FreeRTOS/Source/queue.o
 .bss           0x0080006e        0x0 ./SERVICE/FreeRTOS/Source/stream_buffer.o
 .bss           0x0080006e        0x0 ./SERVICE/FreeRTOS/Source/tasks.o
 .bss           0x0080006e        0x0 ./SERVICE/FreeRTOS/Source/timers.o
 .bss           0x0080006e        0x0 ./MCAL/PWM/SOURCE/PWM.o
 .bss           0x0080006e        0x0 ./MCAL/ICU/SOURCE/ICU.o
 .bss           0x0080006e        0x0 ./MCAL/DIO/SOURCE/DIO.o
 .bss           0x0080006e        0x0 ./HAL/Ultrasonic/SOURCE/ultrasonic.o
 .bss           0x0080006e        0x0 ./HAL/SERVO/SOURCE/SERVO.o
 .bss           0x0080006e        0x0 ./HAL/LCD/SOURCE/lcd.o
 .bss           0x0080006e        0x0 ./APP/main.o
 .bss           0x0080006e        0x0 d:/ecl/sdk/imt_sdk_win_64/imt_sdk_win_64/winavr/bin/../lib/gcc/avr/4.3.3/avr5\libgcc.a(_mulsi3.o)
 .bss           0x0080006e        0x0 d:/ecl/sdk/imt_sdk_win_64/imt_sdk_win_64/winavr/bin/../lib/gcc/avr/4.3.3/avr5\libgcc.a(_udivmodhi4.o)
 .bss           0x0080006e        0x0 d:/ecl/sdk/imt_sdk_win_64/imt_sdk_win_64/winavr/bin/../lib/gcc/avr/4.3.3/avr5\libgcc.a(_udivmodsi4.o)
 .bss           0x0080006e        0x0 d:/ecl/sdk/imt_sdk_win_64/imt_sdk_win_64/winavr/bin/../lib/gcc/avr/4.3.3/avr5\libgcc.a(_exit.o)
 .bss           0x0080006e        0x0 d:/ecl/sdk/imt_sdk_win_64/imt_sdk_win_64/winavr/bin/../lib/gcc/avr/4.3.3/avr5\libgcc.a(_copy_data.o)
 .bss           0x0080006e        0x0 d:/ecl/sdk/imt_sdk_win_64/imt_sdk_win_64/winavr/bin/../lib/gcc/avr/4.3.3/avr5\libgcc.a(_clear_bss.o)
 .bss           0x0080006e        0x0 d:/ecl/sdk/imt_sdk_win_64/imt_sdk_win_64/winavr/bin/../lib/gcc/avr/4.3.3/avr5\libgcc.a(_fixunssfsi.o)
 .bss           0x0080006e        0x0 d:/ecl/sdk/imt_sdk_win_64/imt_sdk_win_64/winavr/bin/../lib/gcc/avr/4.3.3/avr5\libgcc.a(_addsub_sf.o)
 .bss           0x0080006e        0x0 d:/ecl/sdk/imt_sdk_win_64/imt_sdk_win_64/winavr/bin/../lib/gcc/avr/4.3.3/avr5\libgcc.a(_mul_sf.o)
 .bss           0x0080006e        0x0 d:/ecl/sdk/imt_sdk_win_64/imt_sdk_win_64/winavr/bin/../lib/gcc/avr/4.3.3/avr5\libgcc.a(_div_sf.o)
 .bss           0x0080006e        0x0 d:/ecl/sdk/imt_sdk_win_64/imt_sdk_win_64/winavr/bin/../lib/gcc/avr/4.3.3/avr5\libgcc.a(_gt_sf.o)
 .bss           0x0080006e        0x0 d:/ecl/sdk/imt_sdk_win_64/imt_sdk_win_64/winavr/bin/../lib/gcc/avr/4.3.3/avr5\libgcc.a(_ge_sf.o)
 .bss           0x0080006e        0x0 d:/ecl/sdk/imt_sdk_win_64/imt_sdk_win_64/winavr/bin/../lib/gcc/avr/4.3.3/avr5\libgcc.a(_lt_sf.o)
 .bss           0x0080006e        0x0 d:/ecl/sdk/imt_sdk_win_64/imt_sdk_win_64/winavr/bin/../lib/gcc/avr/4.3.3/avr5\libgcc.a(_sf_to_si.o)
 .bss           0x0080006e        0x0 d:/ecl/sdk/imt_sdk_win_64/imt_sdk_win_64/winavr/bin/../lib/gcc/avr/4.3.3/avr5\libgcc.a(_thenan_sf.o)
 .bss           0x0080006e        0x0 d:/ecl/sdk/imt_sdk_win_64/imt_sdk_win_64/winavr/bin/../lib/gcc/avr/4.3.3/avr5\libgcc.a(_prologue.o)
 .bss           0x0080006e        0x0 d:/ecl/sdk/imt_sdk_win_64/imt_sdk_win_64/winavr/bin/../lib/gcc/avr/4.3.3/avr5\libgcc.a(_epilogue.o)
 .bss           0x0080006e        0x0 d:/ecl/sdk/imt_sdk_win_64/imt_sdk_win_64/winavr/bin/../lib/gcc/avr/4.3.3/avr5\libgcc.a(_pack_sf.o)
 .bss           0x0080006e        0x0 d:/ecl/sdk/imt_sdk_win_64/imt_sdk_win_64/winavr/bin/../lib/gcc/avr/4.3.3/avr5\libgcc.a(_unpack_sf.o)
 .bss           0x0080006e        0x0 d:/ecl/sdk/imt_sdk_win_64/imt_sdk_win_64/winavr/bin/../lib/gcc/avr/4.3.3/avr5\libgcc.a(_fpcmp_parts_sf.o)
 .bss           0x0080006e        0x0 d:/ecl/sdk/imt_sdk_win_64/imt_sdk_win_64/winavr/bin/../lib/gcc/avr/4.3.3/../../../../avr/lib/avr5\libc.a(memcpy.o)
 .bss           0x0080006e        0x0 d:/ecl/sdk/imt_sdk_win_64/imt_sdk_win_64/winavr/bin/../lib/gcc/avr/4.3.3/../../../../avr/lib/avr5\libc.a(memset.o)
 .bss           0x0080006e        0x0 d:/ecl/sdk/imt_sdk_win_64/imt_sdk_win_64/winavr/bin/../lib/gcc/avr/4.3.3/../../../../avr/lib/avr5\libc.a(itoa.o)
 .bss           0x0080006e        0x0 d:/ecl/sdk/imt_sdk_win_64/imt_sdk_win_64/winavr/bin/../lib/gcc/avr/4.3.3/../../../../avr/lib/avr5\libc.a(strrev.o)
 *(.bss*)
 .bss.xNextFreeByte
                0x0080006e        0x2 ./SERVICE/FreeRTOS/Source/portable/MemMang/heap_1.o
 .bss.pucAlignedHeap.1666
                0x00800070        0x2 ./SERVICE/FreeRTOS/Source/portable/MemMang/heap_1.o
 .bss.ucHeap    0x00800072      0x5dc ./SERVICE/FreeRTOS/Source/portable/MemMang/heap_1.o
 .bss.pxCurrentTCB
                0x0080064e        0x2 ./SERVICE/FreeRTOS/Source/tasks.o
                0x0080064e                pxCurrentTCB
 .bss.uxDeletedTasksWaitingCleanUp
                0x00800650        0x1 ./SERVICE/FreeRTOS/Source/tasks.o
 .bss.uxCurrentNumberOfTasks
                0x00800651        0x1 ./SERVICE/FreeRTOS/Source/tasks.o
 .bss.xTickCount
                0x00800652        0x2 ./SERVICE/FreeRTOS/Source/tasks.o
 .bss.uxTopReadyPriority
                0x00800654        0x1 ./SERVICE/FreeRTOS/Source/tasks.o
 .bss.xSchedulerRunning
                0x00800655        0x1 ./SERVICE/FreeRTOS/Source/tasks.o
 .bss.xPendedTicks
                0x00800656        0x2 ./SERVICE/FreeRTOS/Source/tasks.o
 .bss.xYieldPending
                0x00800658        0x1 ./SERVICE/FreeRTOS/Source/tasks.o
 .bss.xNumOfOverflows
                0x00800659        0x1 ./SERVICE/FreeRTOS/Source/tasks.o
 .bss.uxTaskNumber
                0x0080065a        0x1 ./SERVICE/FreeRTOS/Source/tasks.o
 .bss.xNextTaskUnblockTime
                0x0080065b        0x2 ./SERVICE/FreeRTOS/Source/tasks.o
 .bss.xIdleTaskHandle
                0x0080065d        0x2 ./SERVICE/FreeRTOS/Source/tasks.o
 .bss.uxSchedulerSuspended
                0x0080065f        0x1 ./SERVICE/FreeRTOS/Source/tasks.o
 .bss.pxReadyTasksLists
                0x00800660       0x24 ./SERVICE/FreeRTOS/Source/tasks.o
 .bss.xDelayedTaskList1
                0x00800684        0x9 ./SERVICE/FreeRTOS/Source/tasks.o
 .bss.xDelayedTaskList2
                0x0080068d        0x9 ./SERVICE/FreeRTOS/Source/tasks.o
 .bss.pxDelayedTaskList
                0x00800696        0x2 ./SERVICE/FreeRTOS/Source/tasks.o
 .bss.pxOverflowDelayedTaskList
                0x00800698        0x2 ./SERVICE/FreeRTOS/Source/tasks.o
 .bss.xPendingReadyList
                0x0080069a        0x9 ./SERVICE/FreeRTOS/Source/tasks.o
 .bss.xTasksWaitingTermination
                0x008006a3        0x9 ./SERVICE/FreeRTOS/Source/tasks.o
 .bss.g_callBackPtr
                0x008006ac        0x2 ./MCAL/ICU/SOURCE/ICU.o
 .bss.g_edgeCount
                0x008006ae        0x1 ./HAL/Ultrasonic/SOURCE/ultrasonic.o
                0x008006ae                g_edgeCount
 .bss.g_timeHigh
                0x008006af        0x2 ./HAL/Ultrasonic/SOURCE/ultrasonic.o
                0x008006af                g_timeHigh
 .bss.xHandle1  0x008006b1        0x2 ./APP/main.o
                0x008006b1                xHandle1
 .bss.xHandle2  0x008006b3        0x2 ./APP/main.o
                0x008006b3                xHandle2
 *(COMMON)
                0x008006b5                PROVIDE (__bss_end, .)
                0x00007c46                __data_load_start = LOADADDR (.data)
                0x00007c54                __data_load_end = (__data_load_start + SIZEOF (.data))

.noinit         0x008006b5        0x0
                0x008006b5                PROVIDE (__noinit_start, .)
 *(.noinit*)
                0x008006b5                PROVIDE (__noinit_end, .)
                0x008006b5                _end = .
                0x008006b5                PROVIDE (__heap_start, .)

.eeprom         0x00810000        0x0
 *(.eeprom*)
                0x00810000                __eeprom_end = .

.fuse
 *(.fuse)
 *(.lfuse)
 *(.hfuse)
 *(.efuse)

.lock
 *(.lock*)

.signature
 *(.signature*)

.stab           0x00000000     0x9edc
 *(.stab)
 .stab          0x00000000      0x738 ./SERVICE/FreeRTOS/Source/portable/MemMang/heap_1.o
 .stab          0x00000738      0x894 ./SERVICE/FreeRTOS/Source/portable/GCC/ATMega323/port.o
                                0xcfc (size before relaxing)
 .stab          0x00000fcc      0x2d0 ./SERVICE/FreeRTOS/Source/croutine.o
                                0x5ac (size before relaxing)
 .stab          0x0000129c      0xc30 ./SERVICE/FreeRTOS/Source/event_groups.o
                               0x1098 (size before relaxing)
 .stab          0x00001ecc      0x438 ./SERVICE/FreeRTOS/Source/list.o
                                0x7d4 (size before relaxing)
 .stab          0x00002304     0x1b00 ./SERVICE/FreeRTOS/Source/queue.o
                               0x1f68 (size before relaxing)
 .stab          0x00003e04     0x1608 ./SERVICE/FreeRTOS/Source/stream_buffer.o
                               0x1a04 (size before relaxing)
 .stab          0x0000540c     0x2514 ./SERVICE/FreeRTOS/Source/tasks.o
                               0x29ac (size before relaxing)
 .stab          0x00007920      0x168 ./SERVICE/FreeRTOS/Source/timers.o
                                0x630 (size before relaxing)
 .stab          0x00007a88      0x2dc ./MCAL/PWM/SOURCE/PWM.o
                                0x2e8 (size before relaxing)
 .stab          0x00007d64      0x3e4 ./MCAL/ICU/SOURCE/ICU.o
                                0x5a0 (size before relaxing)
 .stab          0x00008148      0x6cc ./MCAL/DIO/SOURCE/DIO.o
                                0x6d8 (size before relaxing)
 .stab          0x00008814      0x570 ./HAL/Ultrasonic/SOURCE/ultrasonic.o
                                0x6fc (size before relaxing)
 .stab          0x00008d84      0x234 ./HAL/SERVO/SOURCE/SERVO.o
                                0x240 (size before relaxing)
 .stab          0x00008fb8      0xb1c ./HAL/LCD/SOURCE/lcd.o
                                0xcb4 (size before relaxing)
 .stab          0x00009ad4      0x408 ./APP/main.o
                                0x888 (size before relaxing)

.stabstr        0x00000000     0x605d
 *(.stabstr)
 .stabstr       0x00000000     0x605d ./SERVICE/FreeRTOS/Source/portable/MemMang/heap_1.o

.stab.excl
 *(.stab.excl)

.stab.exclstr
 *(.stab.exclstr)

.stab.index
 *(.stab.index)

.stab.indexstr
 *(.stab.indexstr)

.comment
 *(.comment)

.debug
 *(.debug)

.line
 *(.line)

.debug_srcinfo
 *(.debug_srcinfo)

.debug_sfnames
 *(.debug_sfnames)

.debug_aranges  0x00000000      0x160
 *(.debug_aranges)
 .debug_aranges
                0x00000000       0x20 d:/ecl/sdk/imt_sdk_win_64/imt_sdk_win_64/winavr/bin/../lib/gcc/avr/4.3.3/avr5\libgcc.a(_fixunssfsi.o)
 .debug_aranges
                0x00000020       0x20 d:/ecl/sdk/imt_sdk_win_64/imt_sdk_win_64/winavr/bin/../lib/gcc/avr/4.3.3/avr5\libgcc.a(_addsub_sf.o)
 .debug_aranges
                0x00000040       0x20 d:/ecl/sdk/imt_sdk_win_64/imt_sdk_win_64/winavr/bin/../lib/gcc/avr/4.3.3/avr5\libgcc.a(_mul_sf.o)
 .debug_aranges
                0x00000060       0x20 d:/ecl/sdk/imt_sdk_win_64/imt_sdk_win_64/winavr/bin/../lib/gcc/avr/4.3.3/avr5\libgcc.a(_div_sf.o)
 .debug_aranges
                0x00000080       0x20 d:/ecl/sdk/imt_sdk_win_64/imt_sdk_win_64/winavr/bin/../lib/gcc/avr/4.3.3/avr5\libgcc.a(_gt_sf.o)
 .debug_aranges
                0x000000a0       0x20 d:/ecl/sdk/imt_sdk_win_64/imt_sdk_win_64/winavr/bin/../lib/gcc/avr/4.3.3/avr5\libgcc.a(_ge_sf.o)
 .debug_aranges
                0x000000c0       0x20 d:/ecl/sdk/imt_sdk_win_64/imt_sdk_win_64/winavr/bin/../lib/gcc/avr/4.3.3/avr5\libgcc.a(_lt_sf.o)
 .debug_aranges
                0x000000e0       0x20 d:/ecl/sdk/imt_sdk_win_64/imt_sdk_win_64/winavr/bin/../lib/gcc/avr/4.3.3/avr5\libgcc.a(_sf_to_si.o)
 .debug_aranges
                0x00000100       0x20 d:/ecl/sdk/imt_sdk_win_64/imt_sdk_win_64/winavr/bin/../lib/gcc/avr/4.3.3/avr5\libgcc.a(_pack_sf.o)
 .debug_aranges
                0x00000120       0x20 d:/ecl/sdk/imt_sdk_win_64/imt_sdk_win_64/winavr/bin/../lib/gcc/avr/4.3.3/avr5\libgcc.a(_unpack_sf.o)
 .debug_aranges
                0x00000140       0x20 d:/ecl/sdk/imt_sdk_win_64/imt_sdk_win_64/winavr/bin/../lib/gcc/avr/4.3.3/avr5\libgcc.a(_fpcmp_parts_sf.o)

.debug_pubnames
                0x00000000      0x18f
 *(.debug_pubnames)
 .debug_pubnames
                0x00000000       0x23 d:/ecl/sdk/imt_sdk_win_64/imt_sdk_win_64/winavr/bin/../lib/gcc/avr/4.3.3/avr5\libgcc.a(_fixunssfsi.o)
 .debug_pubnames
                0x00000023       0x2c d:/ecl/sdk/imt_sdk_win_64/imt_sdk_win_64/winavr/bin/../lib/gcc/avr/4.3.3/avr5\libgcc.a(_addsub_sf.o)
 .debug_pubnames
                0x0000004f       0x1f d:/ecl/sdk/imt_sdk_win_64/imt_sdk_win_64/winavr/bin/../lib/gcc/avr/4.3.3/avr5\libgcc.a(_mul_sf.o)
 .debug_pubnames
                0x0000006e       0x1f d:/ecl/sdk/imt_sdk_win_64/imt_sdk_win_64/winavr/bin/../lib/gcc/avr/4.3.3/avr5\libgcc.a(_div_sf.o)
 .debug_pubnames
                0x0000008d       0x1e d:/ecl/sdk/imt_sdk_win_64/imt_sdk_win_64/winavr/bin/../lib/gcc/avr/4.3.3/avr5\libgcc.a(_gt_sf.o)
 .debug_pubnames
                0x000000ab       0x1e d:/ecl/sdk/imt_sdk_win_64/imt_sdk_win_64/winavr/bin/../lib/gcc/avr/4.3.3/avr5\libgcc.a(_ge_sf.o)
 .debug_pubnames
                0x000000c9       0x1e d:/ecl/sdk/imt_sdk_win_64/imt_sdk_win_64/winavr/bin/../lib/gcc/avr/4.3.3/avr5\libgcc.a(_lt_sf.o)
 .debug_pubnames
                0x000000e7       0x20 d:/ecl/sdk/imt_sdk_win_64/imt_sdk_win_64/winavr/bin/../lib/gcc/avr/4.3.3/avr5\libgcc.a(_sf_to_si.o)
 .debug_pubnames
                0x00000107       0x22 d:/ecl/sdk/imt_sdk_win_64/imt_sdk_win_64/winavr/bin/../lib/gcc/avr/4.3.3/avr5\libgcc.a(_thenan_sf.o)
 .debug_pubnames
                0x00000129       0x1f d:/ecl/sdk/imt_sdk_win_64/imt_sdk_win_64/winavr/bin/../lib/gcc/avr/4.3.3/avr5\libgcc.a(_pack_sf.o)
 .debug_pubnames
                0x00000148       0x21 d:/ecl/sdk/imt_sdk_win_64/imt_sdk_win_64/winavr/bin/../lib/gcc/avr/4.3.3/avr5\libgcc.a(_unpack_sf.o)
 .debug_pubnames
                0x00000169       0x26 d:/ecl/sdk/imt_sdk_win_64/imt_sdk_win_64/winavr/bin/../lib/gcc/avr/4.3.3/avr5\libgcc.a(_fpcmp_parts_sf.o)

.debug_info     0x00000000     0x2045
 *(.debug_info)
 .debug_info    0x00000000       0xb1 d:/ecl/sdk/imt_sdk_win_64/imt_sdk_win_64/winavr/bin/../lib/gcc/avr/4.3.3/avr5\libgcc.a(_fixunssfsi.o)
 .debug_info    0x000000b1      0x47a d:/ecl/sdk/imt_sdk_win_64/imt_sdk_win_64/winavr/bin/../lib/gcc/avr/4.3.3/avr5\libgcc.a(_addsub_sf.o)
 .debug_info    0x0000052b      0x485 d:/ecl/sdk/imt_sdk_win_64/imt_sdk_win_64/winavr/bin/../lib/gcc/avr/4.3.3/avr5\libgcc.a(_mul_sf.o)
 .debug_info    0x000009b0      0x3fc d:/ecl/sdk/imt_sdk_win_64/imt_sdk_win_64/winavr/bin/../lib/gcc/avr/4.3.3/avr5\libgcc.a(_div_sf.o)
 .debug_info    0x00000dac      0x27f d:/ecl/sdk/imt_sdk_win_64/imt_sdk_win_64/winavr/bin/../lib/gcc/avr/4.3.3/avr5\libgcc.a(_gt_sf.o)
 .debug_info    0x0000102b      0x27f d:/ecl/sdk/imt_sdk_win_64/imt_sdk_win_64/winavr/bin/../lib/gcc/avr/4.3.3/avr5\libgcc.a(_ge_sf.o)
 .debug_info    0x000012aa      0x27f d:/ecl/sdk/imt_sdk_win_64/imt_sdk_win_64/winavr/bin/../lib/gcc/avr/4.3.3/avr5\libgcc.a(_lt_sf.o)
 .debug_info    0x00001529      0x2b0 d:/ecl/sdk/imt_sdk_win_64/imt_sdk_win_64/winavr/bin/../lib/gcc/avr/4.3.3/avr5\libgcc.a(_sf_to_si.o)
 .debug_info    0x000017d9      0x12c d:/ecl/sdk/imt_sdk_win_64/imt_sdk_win_64/winavr/bin/../lib/gcc/avr/4.3.3/avr5\libgcc.a(_thenan_sf.o)
 .debug_info    0x00001905      0x2df d:/ecl/sdk/imt_sdk_win_64/imt_sdk_win_64/winavr/bin/../lib/gcc/avr/4.3.3/avr5\libgcc.a(_pack_sf.o)
 .debug_info    0x00001be4      0x251 d:/ecl/sdk/imt_sdk_win_64/imt_sdk_win_64/winavr/bin/../lib/gcc/avr/4.3.3/avr5\libgcc.a(_unpack_sf.o)
 .debug_info    0x00001e35      0x210 d:/ecl/sdk/imt_sdk_win_64/imt_sdk_win_64/winavr/bin/../lib/gcc/avr/4.3.3/avr5\libgcc.a(_fpcmp_parts_sf.o)
 *(.gnu.linkonce.wi.*)

.debug_abbrev   0x00000000     0x1101
 *(.debug_abbrev)
 .debug_abbrev  0x00000000       0x5d d:/ecl/sdk/imt_sdk_win_64/imt_sdk_win_64/winavr/bin/../lib/gcc/avr/4.3.3/avr5\libgcc.a(_fixunssfsi.o)
 .debug_abbrev  0x0000005d      0x1ea d:/ecl/sdk/imt_sdk_win_64/imt_sdk_win_64/winavr/bin/../lib/gcc/avr/4.3.3/avr5\libgcc.a(_addsub_sf.o)
 .debug_abbrev  0x00000247      0x21b d:/ecl/sdk/imt_sdk_win_64/imt_sdk_win_64/winavr/bin/../lib/gcc/avr/4.3.3/avr5\libgcc.a(_mul_sf.o)
 .debug_abbrev  0x00000462      0x216 d:/ecl/sdk/imt_sdk_win_64/imt_sdk_win_64/winavr/bin/../lib/gcc/avr/4.3.3/avr5\libgcc.a(_div_sf.o)
 .debug_abbrev  0x00000678      0x15a d:/ecl/sdk/imt_sdk_win_64/imt_sdk_win_64/winavr/bin/../lib/gcc/avr/4.3.3/avr5\libgcc.a(_gt_sf.o)
 .debug_abbrev  0x000007d2      0x15a d:/ecl/sdk/imt_sdk_win_64/imt_sdk_win_64/winavr/bin/../lib/gcc/avr/4.3.3/avr5\libgcc.a(_ge_sf.o)
 .debug_abbrev  0x0000092c      0x15a d:/ecl/sdk/imt_sdk_win_64/imt_sdk_win_64/winavr/bin/../lib/gcc/avr/4.3.3/avr5\libgcc.a(_lt_sf.o)
 .debug_abbrev  0x00000a86      0x17f d:/ecl/sdk/imt_sdk_win_64/imt_sdk_win_64/winavr/bin/../lib/gcc/avr/4.3.3/avr5\libgcc.a(_sf_to_si.o)
 .debug_abbrev  0x00000c05       0xad d:/ecl/sdk/imt_sdk_win_64/imt_sdk_win_64/winavr/bin/../lib/gcc/avr/4.3.3/avr5\libgcc.a(_thenan_sf.o)
 .debug_abbrev  0x00000cb2      0x1c0 d:/ecl/sdk/imt_sdk_win_64/imt_sdk_win_64/winavr/bin/../lib/gcc/avr/4.3.3/avr5\libgcc.a(_pack_sf.o)
 .debug_abbrev  0x00000e72      0x154 d:/ecl/sdk/imt_sdk_win_64/imt_sdk_win_64/winavr/bin/../lib/gcc/avr/4.3.3/avr5\libgcc.a(_unpack_sf.o)
 .debug_abbrev  0x00000fc6      0x13b d:/ecl/sdk/imt_sdk_win_64/imt_sdk_win_64/winavr/bin/../lib/gcc/avr/4.3.3/avr5\libgcc.a(_fpcmp_parts_sf.o)

.debug_line     0x00000000      0xf82
 *(.debug_line)
 .debug_line    0x00000000       0xa7 d:/ecl/sdk/imt_sdk_win_64/imt_sdk_win_64/winavr/bin/../lib/gcc/avr/4.3.3/avr5\libgcc.a(_fixunssfsi.o)
 .debug_line    0x000000a7      0x2af d:/ecl/sdk/imt_sdk_win_64/imt_sdk_win_64/winavr/bin/../lib/gcc/avr/4.3.3/avr5\libgcc.a(_addsub_sf.o)
 .debug_line    0x00000356      0x239 d:/ecl/sdk/imt_sdk_win_64/imt_sdk_win_64/winavr/bin/../lib/gcc/avr/4.3.3/avr5\libgcc.a(_mul_sf.o)
 .debug_line    0x0000058f      0x1d5 d:/ecl/sdk/imt_sdk_win_64/imt_sdk_win_64/winavr/bin/../lib/gcc/avr/4.3.3/avr5\libgcc.a(_div_sf.o)
 .debug_line    0x00000764       0xd3 d:/ecl/sdk/imt_sdk_win_64/imt_sdk_win_64/winavr/bin/../lib/gcc/avr/4.3.3/avr5\libgcc.a(_gt_sf.o)
 .debug_line    0x00000837       0xd3 d:/ecl/sdk/imt_sdk_win_64/imt_sdk_win_64/winavr/bin/../lib/gcc/avr/4.3.3/avr5\libgcc.a(_ge_sf.o)
 .debug_line    0x0000090a       0xd3 d:/ecl/sdk/imt_sdk_win_64/imt_sdk_win_64/winavr/bin/../lib/gcc/avr/4.3.3/avr5\libgcc.a(_lt_sf.o)
 .debug_line    0x000009dd      0x109 d:/ecl/sdk/imt_sdk_win_64/imt_sdk_win_64/winavr/bin/../lib/gcc/avr/4.3.3/avr5\libgcc.a(_sf_to_si.o)
 .debug_line    0x00000ae6       0x90 d:/ecl/sdk/imt_sdk_win_64/imt_sdk_win_64/winavr/bin/../lib/gcc/avr/4.3.3/avr5\libgcc.a(_thenan_sf.o)
 .debug_line    0x00000b76      0x18a d:/ecl/sdk/imt_sdk_win_64/imt_sdk_win_64/winavr/bin/../lib/gcc/avr/4.3.3/avr5\libgcc.a(_pack_sf.o)
 .debug_line    0x00000d00      0x14b d:/ecl/sdk/imt_sdk_win_64/imt_sdk_win_64/winavr/bin/../lib/gcc/avr/4.3.3/avr5\libgcc.a(_unpack_sf.o)
 .debug_line    0x00000e4b      0x137 d:/ecl/sdk/imt_sdk_win_64/imt_sdk_win_64/winavr/bin/../lib/gcc/avr/4.3.3/avr5\libgcc.a(_fpcmp_parts_sf.o)

.debug_frame    0x00000000      0x180
 *(.debug_frame)
 .debug_frame   0x00000000       0x20 d:/ecl/sdk/imt_sdk_win_64/imt_sdk_win_64/winavr/bin/../lib/gcc/avr/4.3.3/avr5\libgcc.a(_fixunssfsi.o)
 .debug_frame   0x00000020       0x40 d:/ecl/sdk/imt_sdk_win_64/imt_sdk_win_64/winavr/bin/../lib/gcc/avr/4.3.3/avr5\libgcc.a(_addsub_sf.o)
 .debug_frame   0x00000060       0x20 d:/ecl/sdk/imt_sdk_win_64/imt_sdk_win_64/winavr/bin/../lib/gcc/avr/4.3.3/avr5\libgcc.a(_mul_sf.o)
 .debug_frame   0x00000080       0x20 d:/ecl/sdk/imt_sdk_win_64/imt_sdk_win_64/winavr/bin/../lib/gcc/avr/4.3.3/avr5\libgcc.a(_div_sf.o)
 .debug_frame   0x000000a0       0x20 d:/ecl/sdk/imt_sdk_win_64/imt_sdk_win_64/winavr/bin/../lib/gcc/avr/4.3.3/avr5\libgcc.a(_gt_sf.o)
 .debug_frame   0x000000c0       0x20 d:/ecl/sdk/imt_sdk_win_64/imt_sdk_win_64/winavr/bin/../lib/gcc/avr/4.3.3/avr5\libgcc.a(_ge_sf.o)
 .debug_frame   0x000000e0       0x20 d:/ecl/sdk/imt_sdk_win_64/imt_sdk_win_64/winavr/bin/../lib/gcc/avr/4.3.3/avr5\libgcc.a(_lt_sf.o)
 .debug_frame   0x00000100       0x20 d:/ecl/sdk/imt_sdk_win_64/imt_sdk_win_64/winavr/bin/../lib/gcc/avr/4.3.3/avr5\libgcc.a(_sf_to_si.o)
 .debug_frame   0x00000120       0x20 d:/ecl/sdk/imt_sdk_win_64/imt_sdk_win_64/winavr/bin/../lib/gcc/avr/4.3.3/avr5\libgcc.a(_pack_sf.o)
 .debug_frame   0x00000140       0x20 d:/ecl/sdk/imt_sdk_win_64/imt_sdk_win_64/winavr/bin/../lib/gcc/avr/4.3.3/avr5\libgcc.a(_unpack_sf.o)
 .debug_frame   0x00000160       0x20 d:/ecl/sdk/imt_sdk_win_64/imt_sdk_win_64/winavr/bin/../lib/gcc/avr/4.3.3/avr5\libgcc.a(_fpcmp_parts_sf.o)

.debug_str      0x00000000      0x2c2
 *(.debug_str)
 .debug_str     0x00000000       0xbf d:/ecl/sdk/imt_sdk_win_64/imt_sdk_win_64/winavr/bin/../lib/gcc/avr/4.3.3/avr5\libgcc.a(_fixunssfsi.o)
                                 0xfe (size before relaxing)
 .debug_str     0x000000bf      0x14d d:/ecl/sdk/imt_sdk_win_64/imt_sdk_win_64/winavr/bin/../lib/gcc/avr/4.3.3/avr5\libgcc.a(_addsub_sf.o)
                                0x206 (size before relaxing)
 .debug_str     0x0000020c       0x27 d:/ecl/sdk/imt_sdk_win_64/imt_sdk_win_64/winavr/bin/../lib/gcc/avr/4.3.3/avr5\libgcc.a(_mul_sf.o)
                                0x1bf (size before relaxing)
 .debug_str     0x00000233       0x35 d:/ecl/sdk/imt_sdk_win_64/imt_sdk_win_64/winavr/bin/../lib/gcc/avr/4.3.3/avr5\libgcc.a(_div_sf.o)
                                0x1c8 (size before relaxing)
 .debug_str     0x00000268        0xf d:/ecl/sdk/imt_sdk_win_64/imt_sdk_win_64/winavr/bin/../lib/gcc/avr/4.3.3/avr5\libgcc.a(_gt_sf.o)
                                0x195 (size before relaxing)
 .debug_str     0x00000277        0x8 d:/ecl/sdk/imt_sdk_win_64/imt_sdk_win_64/winavr/bin/../lib/gcc/avr/4.3.3/avr5\libgcc.a(_ge_sf.o)
                                0x195 (size before relaxing)
 .debug_str     0x0000027f        0x8 d:/ecl/sdk/imt_sdk_win_64/imt_sdk_win_64/winavr/bin/../lib/gcc/avr/4.3.3/avr5\libgcc.a(_lt_sf.o)
                                0x195 (size before relaxing)
 .debug_str     0x00000287        0xa d:/ecl/sdk/imt_sdk_win_64/imt_sdk_win_64/winavr/bin/../lib/gcc/avr/4.3.3/avr5\libgcc.a(_sf_to_si.o)
                                0x19e (size before relaxing)
 .debug_str     0x00000000      0x103 d:/ecl/sdk/imt_sdk_win_64/imt_sdk_win_64/winavr/bin/../lib/gcc/avr/4.3.3/avr5\libgcc.a(_thenan_sf.o)
 .debug_str     0x00000291       0x16 d:/ecl/sdk/imt_sdk_win_64/imt_sdk_win_64/winavr/bin/../lib/gcc/avr/4.3.3/avr5\libgcc.a(_pack_sf.o)
                                0x19d (size before relaxing)
 .debug_str     0x000002a7        0xb d:/ecl/sdk/imt_sdk_win_64/imt_sdk_win_64/winavr/bin/../lib/gcc/avr/4.3.3/avr5\libgcc.a(_unpack_sf.o)
                                0x17f (size before relaxing)
 .debug_str     0x000002b2       0x10 d:/ecl/sdk/imt_sdk_win_64/imt_sdk_win_64/winavr/bin/../lib/gcc/avr/4.3.3/avr5\libgcc.a(_fpcmp_parts_sf.o)
                                0x163 (size before relaxing)

.debug_loc      0x00000000      0x88e
 *(.debug_loc)
 .debug_loc     0x00000000       0x34 d:/ecl/sdk/imt_sdk_win_64/imt_sdk_win_64/winavr/bin/../lib/gcc/avr/4.3.3/avr5\libgcc.a(_fixunssfsi.o)
 .debug_loc     0x00000034      0x32a d:/ecl/sdk/imt_sdk_win_64/imt_sdk_win_64/winavr/bin/../lib/gcc/avr/4.3.3/avr5\libgcc.a(_addsub_sf.o)
 .debug_loc     0x0000035e      0x104 d:/ecl/sdk/imt_sdk_win_64/imt_sdk_win_64/winavr/bin/../lib/gcc/avr/4.3.3/avr5\libgcc.a(_mul_sf.o)
 .debug_loc     0x00000462       0xc0 d:/ecl/sdk/imt_sdk_win_64/imt_sdk_win_64/winavr/bin/../lib/gcc/avr/4.3.3/avr5\libgcc.a(_div_sf.o)
 .debug_loc     0x00000522       0x3c d:/ecl/sdk/imt_sdk_win_64/imt_sdk_win_64/winavr/bin/../lib/gcc/avr/4.3.3/avr5\libgcc.a(_gt_sf.o)
 .debug_loc     0x0000055e       0x3c d:/ecl/sdk/imt_sdk_win_64/imt_sdk_win_64/winavr/bin/../lib/gcc/avr/4.3.3/avr5\libgcc.a(_ge_sf.o)
 .debug_loc     0x0000059a       0x3c d:/ecl/sdk/imt_sdk_win_64/imt_sdk_win_64/winavr/bin/../lib/gcc/avr/4.3.3/avr5\libgcc.a(_lt_sf.o)
 .debug_loc     0x000005d6       0x7e d:/ecl/sdk/imt_sdk_win_64/imt_sdk_win_64/winavr/bin/../lib/gcc/avr/4.3.3/avr5\libgcc.a(_sf_to_si.o)
 .debug_loc     0x00000654      0x13e d:/ecl/sdk/imt_sdk_win_64/imt_sdk_win_64/winavr/bin/../lib/gcc/avr/4.3.3/avr5\libgcc.a(_pack_sf.o)
 .debug_loc     0x00000792       0xac d:/ecl/sdk/imt_sdk_win_64/imt_sdk_win_64/winavr/bin/../lib/gcc/avr/4.3.3/avr5\libgcc.a(_unpack_sf.o)
 .debug_loc     0x0000083e       0x50 d:/ecl/sdk/imt_sdk_win_64/imt_sdk_win_64/winavr/bin/../lib/gcc/avr/4.3.3/avr5\libgcc.a(_fpcmp_parts_sf.o)

.debug_macinfo
 *(.debug_macinfo)
OUTPUT(FreeRTOS.elf elf32-avr)
LOAD linker stubs

.debug_ranges   0x00000000       0x50
 .debug_ranges  0x00000000       0x50 d:/ecl/sdk/imt_sdk_win_64/imt_sdk_win_64/winavr/bin/../lib/gcc/avr/4.3.3/avr5\libgcc.a(_mul_sf.o)
